[ +282 ms] Artifact Instance of 'MaterialFonts' is not required, skipping update.
[   +3 ms] Artifact Instance of 'GradleWrapper' is not required, skipping update.
[        ] Artifact Instance of 'AndroidGenSnapshotArtifacts' is not required, skipping update.
[        ] Artifact Instance of 'AndroidInternalBuildArtifacts' is not required, skipping update.
[        ] Artifact Instance of 'IOSEngineArtifacts' is not required, skipping update.
[        ] Artifact Instance of 'FlutterWebSdk' is not required, skipping update.
[   +2 ms] Artifact Instance of 'LegacyCanvasKitRemover' is not required, skipping update.
[        ] Artifact Instance of 'FlutterSdk' is not required, skipping update.
[        ] Artifact Instance of 'WindowsEngineArtifacts' is not required, skipping update.
[        ] Artifact Instance of 'MacOSEngineArtifacts' is not required, skipping update.
[        ] Artifact Instance of 'LinuxEngineArtifacts' is not required, skipping update.
[        ] Artifact Instance of 'LinuxFuchsiaSDKArtifacts' is not required, skipping update.
[        ] Artifact Instance of 'MacOSFuchsiaSDKArtifacts' is not required, skipping update.
[        ] Artifact Instance of 'FlutterRunnerSDKArtifacts' is not required, skipping update.
[        ] Artifact Instance of 'FlutterRunnerDebugSymbols' is not required, skipping update.
[        ] Artifact Instance of 'IosUsbArtifacts' is not required, skipping update.
[        ] Artifact Instance of 'IosUsbArtifacts' is not required, skipping update.
[        ] Artifact Instance of 'IosUsbArtifacts' is not required, skipping update.
[        ] Artifact Instance of 'IosUsbArtifacts' is not required, skipping update.
[        ] Artifact Instance of 'IosUsbArtifacts' is not required, skipping update.
[        ] Artifact Instance of 'IosUsbArtifacts' is not required, skipping update.
[        ] Artifact Instance of 'FontSubsetArtifacts' is not required, skipping update.
[        ] Artifact Instance of 'PubDependencies' is not required, skipping update.
[   +1 ms] executing: [C:\dev\flutter/] git -c log.showSignature=false log HEAD -n 1 --pretty=format:%ad --date=iso
[ +124 ms] Exit code 0 from: git -c log.showSignature=false log HEAD -n 1 --pretty=format:%ad --date=iso
[        ] 2026-01-08 10:49:17 -0800
[  +55 ms] Artifact Instance of 'AndroidGenSnapshotArtifacts' is not required, skipping update.
[        ] Artifact Instance of 'AndroidInternalBuildArtifacts' is not required, skipping update.
[        ] Artifact Instance of 'IOSEngineArtifacts' is not required, skipping update.
[        ] Artifact Instance of 'FlutterWebSdk' is not required, skipping update.
[        ] Artifact Instance of 'FlutterEngineStamp' is not required, skipping update.
[        ] Artifact Instance of 'LegacyCanvasKitRemover' is not required, skipping update.
[   +5 ms] Artifact Instance of 'WindowsEngineArtifacts' is not required, skipping update.
[        ] Artifact Instance of 'MacOSEngineArtifacts' is not required, skipping update.
[        ] Artifact Instance of 'LinuxEngineArtifacts' is not required, skipping update.
[        ] Artifact Instance of 'LinuxFuchsiaSDKArtifacts' is not required, skipping update.
[        ] Artifact Instance of 'MacOSFuchsiaSDKArtifacts' is not required, skipping update.
[        ] Artifact Instance of 'FlutterRunnerSDKArtifacts' is not required, skipping update.
[        ] Artifact Instance of 'FlutterRunnerDebugSymbols' is not required, skipping update.
[ +121 ms] executing: C:\Users\Admin\AppData\Local\Android\sdk\platform-tools\adb.exe devices -l
[ +106 ms] List of devices attached
           RFCY30GWBEB            device product:pa1qxeea model:SM_S931B device:pa1q transport_id:1
[  +15 ms] C:\Users\Admin\AppData\Local\Android\sdk\platform-tools\adb.exe -s RFCY30GWBEB shell getprop
[ +127 ms] Artifact Instance of 'AndroidInternalBuildArtifacts' is not required, skipping update.
[        ] Artifact Instance of 'IOSEngineArtifacts' is not required, skipping update.
[   +1 ms] Artifact Instance of 'FlutterEngineStamp' is not required, skipping update.
[   +6 ms] Artifact Instance of 'MacOSEngineArtifacts' is not required, skipping update.
[        ] Artifact Instance of 'LinuxEngineArtifacts' is not required, skipping update.
[        ] Artifact Instance of 'LinuxFuchsiaSDKArtifacts' is not required, skipping update.
[        ] Artifact Instance of 'MacOSFuchsiaSDKArtifacts' is not required, skipping update.
[        ] Artifact Instance of 'FlutterRunnerSDKArtifacts' is not required, skipping update.
[        ] Artifact Instance of 'FlutterRunnerDebugSymbols' is not required, skipping update.
[ +190 ms] Skipping pub get: version match.
[ +290 ms] Found plugin shared_preferences at C:\Users\Admin\AppData\Local\Pub\Cache\hosted\pub.dev\shared_preferences-2.5.4\
[   +8 ms] Found plugin shared_preferences_windows at C:\Users\Admin\AppData\Local\Pub\Cache\hosted\pub.dev\shared_preferences_windows-2.4.1\
[   +7 ms] Found plugin path_provider_windows at C:\Users\Admin\AppData\Local\Pub\Cache\hosted\pub.dev\path_provider_windows-2.3.0\
[   +8 ms] Found plugin shared_preferences_web at C:\Users\Admin\AppData\Local\Pub\Cache\hosted\pub.dev\shared_preferences_web-2.4.3\
[   +5 ms] Found plugin shared_preferences_linux at C:\Users\Admin\AppData\Local\Pub\Cache\hosted\pub.dev\shared_preferences_linux-2.4.1\
[  +10 ms] Found plugin path_provider_linux at C:\Users\Admin\AppData\Local\Pub\Cache\hosted\pub.dev\path_provider_linux-2.2.1\
[   +4 ms] Found plugin shared_preferences_foundation at C:\Users\Admin\AppData\Local\Pub\Cache\hosted\pub.dev\shared_preferences_foundation-2.5.6\
[   +8 ms] Found plugin shared_preferences_android at C:\Users\Admin\AppData\Local\Pub\Cache\hosted\pub.dev\shared_preferences_android-2.4.18\
[  +12 ms] Found plugin flutter_secure_storage at C:\Users\Admin\AppData\Local\Pub\Cache\hosted\pub.dev\flutter_secure_storage-8.1.0\
[   +4 ms] Found plugin flutter_secure_storage_windows at C:\Users\Admin\AppData\Local\Pub\Cache\hosted\pub.dev\flutter_secure_storage_windows-2.1.1\
[   +5 ms] Found plugin flutter_secure_storage_web at C:\Users\Admin\AppData\Local\Pub\Cache\hosted\pub.dev\flutter_secure_storage_web-1.2.1\
[   +2 ms] Found plugin flutter_secure_storage_macos at C:\Users\Admin\AppData\Local\Pub\Cache\hosted\pub.dev\flutter_secure_storage_macos-3.1.3\
[   +2 ms] Found plugin flutter_secure_storage_linux at C:\Users\Admin\AppData\Local\Pub\Cache\hosted\pub.dev\flutter_secure_storage_linux-1.2.3\
[   +8 ms] Found plugin flutter_local_notifications at C:\Users\Admin\AppData\Local\Pub\Cache\hosted\pub.dev\flutter_local_notifications-17.2.4\
[   +5 ms] Found plugin flutter_local_notifications_linux at C:\Users\Admin\AppData\Local\Pub\Cache\hosted\pub.dev\flutter_local_notifications_linux-4.0.1\
[  +24 ms] Found plugin firebase_messaging at C:\Users\Admin\AppData\Local\Pub\Cache\hosted\pub.dev\firebase_messaging-14.7.10\
[   +5 ms] Found plugin firebase_messaging_web at C:\Users\Admin\AppData\Local\Pub\Cache\hosted\pub.dev\firebase_messaging_web-3.5.18\
[   +5 ms] Found plugin firebase_core at C:\Users\Admin\AppData\Local\Pub\Cache\hosted\pub.dev\firebase_core-2.32.0\
[   +5 ms] Found plugin firebase_core_web at C:\Users\Admin\AppData\Local\Pub\Cache\hosted\pub.dev\firebase_core_web-2.24.0\
[ +188 ms] Found plugin shared_preferences at C:\Users\Admin\AppData\Local\Pub\Cache\hosted\pub.dev\shared_preferences-2.5.4\
[   +2 ms] Found plugin shared_preferences_windows at C:\Users\Admin\AppData\Local\Pub\Cache\hosted\pub.dev\shared_preferences_windows-2.4.1\
[   +5 ms] Found plugin path_provider_windows at C:\Users\Admin\AppData\Local\Pub\Cache\hosted\pub.dev\path_provider_windows-2.3.0\
[   +6 ms] Found plugin shared_preferences_web at C:\Users\Admin\AppData\Local\Pub\Cache\hosted\pub.dev\shared_preferences_web-2.4.3\
[   +4 ms] Found plugin shared_preferences_linux at C:\Users\Admin\AppData\Local\Pub\Cache\hosted\pub.dev\shared_preferences_linux-2.4.1\
[   +2 ms] Found plugin path_provider_linux at C:\Users\Admin\AppData\Local\Pub\Cache\hosted\pub.dev\path_provider_linux-2.2.1\
[   +5 ms] Found plugin shared_preferences_foundation at C:\Users\Admin\AppData\Local\Pub\Cache\hosted\pub.dev\shared_preferences_foundation-2.5.6\
[   +5 ms] Found plugin shared_preferences_android at C:\Users\Admin\AppData\Local\Pub\Cache\hosted\pub.dev\shared_preferences_android-2.4.18\
[   +6 ms] Found plugin flutter_secure_storage at C:\Users\Admin\AppData\Local\Pub\Cache\hosted\pub.dev\flutter_secure_storage-8.1.0\
[   +1 ms] Found plugin flutter_secure_storage_windows at C:\Users\Admin\AppData\Local\Pub\Cache\hosted\pub.dev\flutter_secure_storage_windows-2.1.1\
[   +3 ms] Found plugin flutter_secure_storage_web at C:\Users\Admin\AppData\Local\Pub\Cache\hosted\pub.dev\flutter_secure_storage_web-1.2.1\
[   +2 ms] Found plugin flutter_secure_storage_macos at C:\Users\Admin\AppData\Local\Pub\Cache\hosted\pub.dev\flutter_secure_storage_macos-3.1.3\
[   +4 ms] Found plugin flutter_secure_storage_linux at C:\Users\Admin\AppData\Local\Pub\Cache\hosted\pub.dev\flutter_secure_storage_linux-1.2.3\
[   +3 ms] Found plugin flutter_local_notifications at C:\Users\Admin\AppData\Local\Pub\Cache\hosted\pub.dev\flutter_local_notifications-17.2.4\
[   +3 ms] Found plugin flutter_local_notifications_linux at C:\Users\Admin\AppData\Local\Pub\Cache\hosted\pub.dev\flutter_local_notifications_linux-4.0.1\
[  +11 ms] Found plugin firebase_messaging at C:\Users\Admin\AppData\Local\Pub\Cache\hosted\pub.dev\firebase_messaging-14.7.10\
[   +2 ms] Found plugin firebase_messaging_web at C:\Users\Admin\AppData\Local\Pub\Cache\hosted\pub.dev\firebase_messaging_web-3.5.18\
[   +3 ms] Found plugin firebase_core at C:\Users\Admin\AppData\Local\Pub\Cache\hosted\pub.dev\firebase_core-2.32.0\
[   +2 ms] Found plugin firebase_core_web at C:\Users\Admin\AppData\Local\Pub\Cache\hosted\pub.dev\firebase_core_web-2.24.0\
[  +12 ms] Generating C:\Users\Admin\Documents\GitHub\Parentpeak\android\app\src\main\java\io\flutter\plugins\GeneratedPluginRegistrant.java
[  +18 ms] Skipping generating GeneratedPluginRegistrant.java because it is up-to-date.
[   +3 ms] ro.hardware = qcom
[ +106 ms] Initializing file store
[  +16 ms] Skipping target: gen_localizations
[   +4 ms] gen_dart_plugin_registrant: Starting due to {InvalidatedReasonKind.inputChanged: The following inputs have updated contents: C:\Users\Admin\Documents\GitHub\Parentpeak\.dart_tool\package_config.json,C:\Users\Admin\Documents\GitHub\Parentpeak\.dart_tool\flutter_build\dart_plugin_registrant.dart}
[ +183 ms] Found plugin shared_preferences at C:\Users\Admin\AppData\Local\Pub\Cache\hosted\pub.dev\shared_preferences-2.5.4\
[   +1 ms] Found plugin shared_preferences_windows at C:\Users\Admin\AppData\Local\Pub\Cache\hosted\pub.dev\shared_preferences_windows-2.4.1\
[   +4 ms] Found plugin path_provider_windows at C:\Users\Admin\AppData\Local\Pub\Cache\hosted\pub.dev\path_provider_windows-2.3.0\
[   +7 ms] Found plugin shared_preferences_web at C:\Users\Admin\AppData\Local\Pub\Cache\hosted\pub.dev\shared_preferences_web-2.4.3\
[   +3 ms] Found plugin shared_preferences_linux at C:\Users\Admin\AppData\Local\Pub\Cache\hosted\pub.dev\shared_preferences_linux-2.4.1\
[   +2 ms] Found plugin path_provider_linux at C:\Users\Admin\AppData\Local\Pub\Cache\hosted\pub.dev\path_provider_linux-2.2.1\
[   +4 ms] Found plugin shared_preferences_foundation at C:\Users\Admin\AppData\Local\Pub\Cache\hosted\pub.dev\shared_preferences_foundation-2.5.6\
[   +2 ms] Found plugin shared_preferences_android at C:\Users\Admin\AppData\Local\Pub\Cache\hosted\pub.dev\shared_preferences_android-2.4.18\
[   +6 ms] Found plugin flutter_secure_storage at C:\Users\Admin\AppData\Local\Pub\Cache\hosted\pub.dev\flutter_secure_storage-8.1.0\
[   +4 ms] Found plugin flutter_secure_storage_windows at C:\Users\Admin\AppData\Local\Pub\Cache\hosted\pub.dev\flutter_secure_storage_windows-2.1.1\
[   +5 ms] Found plugin flutter_secure_storage_web at C:\Users\Admin\AppData\Local\Pub\Cache\hosted\pub.dev\flutter_secure_storage_web-1.2.1\
[   +4 ms] Found plugin flutter_secure_storage_macos at C:\Users\Admin\AppData\Local\Pub\Cache\hosted\pub.dev\flutter_secure_storage_macos-3.1.3\
[   +1 ms] Found plugin flutter_secure_storage_linux at C:\Users\Admin\AppData\Local\Pub\Cache\hosted\pub.dev\flutter_secure_storage_linux-1.2.3\
[   +3 ms] Found plugin flutter_local_notifications at C:\Users\Admin\AppData\Local\Pub\Cache\hosted\pub.dev\flutter_local_notifications-17.2.4\
[   +3 ms] Found plugin flutter_local_notifications_linux at C:\Users\Admin\AppData\Local\Pub\Cache\hosted\pub.dev\flutter_local_notifications_linux-4.0.1\
[  +10 ms] Found plugin firebase_messaging at C:\Users\Admin\AppData\Local\Pub\Cache\hosted\pub.dev\firebase_messaging-14.7.10\
[   +2 ms] Found plugin firebase_messaging_web at C:\Users\Admin\AppData\Local\Pub\Cache\hosted\pub.dev\firebase_messaging_web-3.5.18\
[   +3 ms] Found plugin firebase_core at C:\Users\Admin\AppData\Local\Pub\Cache\hosted\pub.dev\firebase_core-2.32.0\
[   +2 ms] Found plugin firebase_core_web at C:\Users\Admin\AppData\Local\Pub\Cache\hosted\pub.dev\firebase_core_web-2.24.0\
[  +18 ms] Skipping generating dart_plugin_registrant.dart because it is up-to-date.
[        ] gen_dart_plugin_registrant: Complete
[   +3 ms] Skipping target: _composite
[   +2 ms] complete
[  +10 ms] Launching lib\main.dart on SM S931B in debug mode...
[   +7 ms] C:\dev\flutter\bin\cache\dart-sdk\bin\dartaotruntime.exe C:\dev\flutter\bin\cache\dart-sdk\bin\snapshots\frontend_server_aot.dart.snapshot --sdk-root C:\dev\flutter\bin\cache\artifacts\engine\common\flutter_patched_sdk/ --incremental --target=flutter --experimental-emit-debug-metadata -DFLUTTER_VERSION=3.38.6 -DFLUTTER_CHANNEL=stable -DFLUTTER_GIT_URL=https://github.com/flutter/flutter.git -DFLUTTER_FRAMEWORK_REVISION=8b87286849 -DFLUTTER_ENGINE_REVISION=78fc3012e4 -DFLUTTER_DART_VERSION=3.10.7 --output-dill C:\Users\Admin\AppData\Local\Temp\flutter_tools.146f83a4\flutter_tool.bedf0204\app.dill --packages C:\Users\Admin\Documents\GitHub\Parentpeak\.dart_tool\package_config.json -Ddart.vm.profile=false -Ddart.vm.product=false --enable-asserts --track-widget-creation --filesystem-scheme org-dartlang-root --initialize-from-dill build\3db25abb13e29dfd86c6b9b67f5bf79a.cache.dill.track.dill --source file:///C:/Users/Admin/Documents/GitHub/Parentpeak/.dart_tool/flutter_build/dart_plugin_registrant.dart --source package:flutter/src/dart_plugin_registrant.dart -Dflutter.dart_plugin_registrant=file:///C:/Users/Admin/Documents/GitHub/Parentpeak/.dart_tool/flutter_build/dart_plugin_registrant.dart --verbosity=error --enable-experiment=alternative-invalidation-strategy
[  +30 ms] executing: C:\Users\Admin\AppData\Local\Android\sdk\platform-tools\adb.exe -s RFCY30GWBEB shell -x logcat -v time -t 1
[  +23 ms] <- compile package:trusted_circle_demo/main.dart
[ +253 ms] --------- beginning of main
           01-10 16:33:12.508 E/HeatmapThread( 2377): !@ CAM is Working
[  +13 ms] executing: C:\Users\Admin\AppData\Local\Android\sdk\platform-tools\adb.exe version
[  +95 ms] Android Debug Bridge version 1.0.41
           Version 36.0.2-14143358
           Installed as C:\Users\Admin\AppData\Local\Android\sdk\platform-tools\adb.exe
           Running on Windows 10.0.19045
[   +2 ms] executing: C:\Users\Admin\AppData\Local\Android\sdk\platform-tools\adb.exe start-server
[ +117 ms] Building APK
[  +16 ms] executing: C:\Program Files\Android\Android Studio\jbr\bin\java -version
[ +542 ms] Exit code 0 from: C:\Program Files\Android\Android Studio\jbr\bin\java -version
[        ] openjdk version "21.0.8" 2025-07-15
           OpenJDK Runtime Environment (build 21.0.8+-14196175-b1038.72)
           OpenJDK 64-Bit Server VM (build 21.0.8+-14196175-b1038.72, mixed mode)
[  +16 ms] Top-level Gradle build file not found, skipping migration of task "clean".
[   +4 ms] executing: C:\Program Files\Android\Android Studio\jbr\bin\java --version
[ +264 ms] Exit code 0 from: C:\Program Files\Android\Android Studio\jbr\bin\java --version
[        ] openjdk 21.0.8 2025-07-15
           OpenJDK Runtime Environment (build 21.0.8+-14196175-b1038.72)
           OpenJDK 64-Bit Server VM (build 21.0.8+-14196175-b1038.72, mixed mode)
[   +3 ms] Version of Java is different than impacted version, no migration attempted.
[  +31 ms] CMake project not found, skipping support Android 15 16k page size migration.
[  +10 ms] Using gradle from C:\Users\Admin\Documents\GitHub\Parentpeak\android\gradlew.bat.
[  +21 ms] LocalFile: 'C:\Users\Admin\Documents\GitHub\Parentpeak\android\build.gradle.kts' doesn't provide an AGP version. Checking settings.
[   +5 ms] LocalFile: 'C:\Users\Admin\Documents\GitHub\Parentpeak\android\settings.gradle.kts' provides AGP version: 8.11.1
[  +26 ms] Running Gradle task 'assembleDebug'...
[   +1 ms] executing: [C:\Users\Admin\Documents\GitHub\Parentpeak\android/] C:\Users\Admin\Documents\GitHub\Parentpeak\android\gradlew.bat --full-stacktrace --info -Pverbose=true -Ptarget-platform=android-arm64 -Ptarget=C:\Users\Admin\Documents\GitHub\Parentpeak\lib\main.dart -Pbase-application-name=android.app.Application -Pdart-defines=RkxVVFRFUl9WRVJTSU9OPTMuMzguNg==,RkxVVFRFUl9DSEFOTkVMPXN0YWJsZQ==,RkxVVFRFUl9HSVRfVVJMPWh0dHBzOi8vZ2l0aHViLmNvbS9mbHV0dGVyL2ZsdXR0ZXIuZ2l0,RkxVVFRFUl9GUkFNRVdPUktfUkVWSVNJT049OGI4NzI4Njg0OQ==,RkxVVFRFUl9FTkdJTkVfUkVWSVNJT049NzhmYzMwMTJlNA==,RkxVVFRFUl9EQVJUX1ZFUlNJT049My4xMC43 -Pdart-obfuscation=false -Ptrack-widget-creation=true -Ptree-shake-icons=false -Pfilesystem-scheme=org-dartlang-root assembleDebug
[+2712 ms] Initialized native services in: C:\Users\Admin\.gradle\native
[   +1 ms] Initialized jansi services in: C:\Users\Admin\.gradle\native
[+1095 ms] The client will now receive all logging from the daemon (pid: 9740). The daemon log file: C:\Users\Admin\.gradle\daemon\8.14\daemon-9740.out.log
[        ] Starting 9th build in daemon [uptime: 1 hrs 49 mins 37.252 secs, performance: 100%, GC rate: 0.00/s, heap usage: 0% of 8 GiB, non-heap usage: 3% of 4 GiB]
[        ] Using 4 worker leases.
[        ] Now considering [C:\Users\Admin\Documents\GitHub\Parentpeak\android, C:\dev\flutter\packages\flutter_tools\gradle] as hierarchies to watch
[        ] Watching the file system is configured to be enabled if available
[        ] File system watching is active
[        ] Starting Build
[        ] Now considering [C:\dev\flutter\packages\flutter_tools\gradle, C:\Users\Admin\Documents\GitHub\Parentpeak\android] as hierarchies to watch
[ +385 ms] > Configure project :gradle
[   +1 ms] Evaluating project ':gradle' using build file 'C:\dev\flutter\packages\flutter_tools\gradle\build.gradle.kts'.
[  +12 ms] Resolved plugin [id: 'org.gradle.java-gradle-plugin']
[        ] Resolved plugin [id: 'org.gradle.groovy']
[        ] Resolved plugin [id: 'org.gradle.kotlin.kotlin-dsl', version: '5.2.0']
[        ] Resolved plugin [id: 'org.jetbrains.kotlin.jvm', version: '1.9.20']
[   +1 ms] Using Kotlin Gradle Plugin gradle85 variant
[        ] kotlin scripting plugin: created the scripting discovery configuration: kotlinScriptDef
[        ] kotlin scripting plugin: created the scripting discovery configuration: testKotlinScriptDef
[        ] file or directory 'C:\dev\flutter\packages\flutter_tools\gradle\src\main\java', not found
[        ] Resolved plugin [id: 'dev.flutter.flutter-plugin-loader', version: '1.0.0']
[        ] Resolved plugin [id: 'com.android.application', version: '8.11.1', apply: false]
[        ] Resolved plugin [id: 'org.jetbrains.kotlin.android', version: '2.2.20', apply: false]
[        ] Resolve mutations for :gradle:checkKotlinGradlePluginConfigurationErrors (Thread[#621,included builds,5,main]) started.
[        ] :gradle:checkKotlinGradlePluginConfigurationErrors (Thread[#621,included builds,5,main]) started.
[        ] > Task :gradle:checkKotlinGradlePluginConfigurationErrors SKIPPED
[        ] Skipping task ':gradle:checkKotlinGradlePluginConfigurationErrors' as task onlyIf 'errorDiagnostics are present' is false.
[        ] Resolve mutations for :gradle:compileKotlin (Thread[#622,Execution worker,5,main]) started.
[        ] :gradle:compileKotlin (Thread[#622,Execution worker,5,main]) started.
[ +120 ms] > Task :gradle:compileKotlin UP-TO-DATE
[        ] Caching disabled for task ':gradle:compileKotlin' because:
[        ]   Build cache is disabled
[        ] Skipping task ':gradle:compileKotlin' as it is up-to-date.
[        ] Resolve mutations for :gradle:compileJava (Thread[#622,Execution worker,5,main]) started.
[        ] :gradle:compileJava (Thread[#622,Execution worker,5,main]) started.
[   +1 ms] > Task :gradle:compileJava NO-SOURCE
[        ] Skipping task ':gradle:compileJava' as it has no source files and no previous output files.
[        ] Resolve mutations for :gradle:compileGroovy (Thread[#622,Execution worker,5,main]) started.
[        ] :gradle:compileGroovy (Thread[#622,Execution worker,5,main]) started.
[        ] > Task :gradle:compileGroovy NO-SOURCE
[        ] Skipping task ':gradle:compileGroovy' as it has no source files and no previous output files.
[        ] Resolve mutations for :gradle:pluginDescriptors (Thread[#622,Execution worker,5,main]) started.
[        ] :gradle:pluginDescriptors (Thread[#622,Execution worker,5,main]) started.
[        ] > Task :gradle:pluginDescriptors UP-TO-DATE
[        ] Caching disabled for task ':gradle:pluginDescriptors' because:
[        ]   Build cache is disabled
[        ]   Not worth caching
[        ] Skipping task ':gradle:pluginDescriptors' as it is up-to-date.
[        ] Resolve mutations for :gradle:processResources (Thread[#622,Execution worker,5,main]) started.
[        ] :gradle:processResources (Thread[#622,Execution worker,5,main]) started.
[        ] > Task :gradle:processResources UP-TO-DATE
[        ] Caching disabled for task ':gradle:processResources' because:
[        ]   Build cache is disabled
[        ]   Not worth caching
[        ] Skipping task ':gradle:processResources' as it is up-to-date.
[        ] Resolve mutations for :gradle:classes (Thread[#622,Execution worker,5,main]) started.
[        ] :gradle:classes (Thread[#622,Execution worker,5,main]) started.
[   +1 ms] > Task :gradle:classes UP-TO-DATE
[        ] Skipping task ':gradle:classes' as it has no actions.
[        ] Resolve mutations for :gradle:jar (Thread[#622,Execution worker,5,main]) started.
[        ] :gradle:jar (Thread[#622,Execution worker,5,main]) started.
[  +40 ms] > Task :gradle:jar UP-TO-DATE
[        ] Caching disabled for task ':gradle:jar' because:
[        ]   Build cache is disabled
[        ]   Not worth caching
[        ] Skipping task ':gradle:jar' as it is up-to-date.
[ +316 ms] Settings evaluated using settings file 'C:\Users\Admin\Documents\GitHub\Parentpeak\android\settings.gradle.kts'.
[        ] Projects loaded. Root project using build file 'C:\Users\Admin\Documents\GitHub\Parentpeak\android\build.gradle.kts'.
[        ] Included projects: [root project 'android', project ':app', project ':firebase_core', project ':firebase_messaging', project ':flutter_local_notifications', project ':flutter_secure_storage', project ':shared_preferences_android']
[ +384 ms] > Configure project :app
[   +1 ms] Evaluating project ':app' using build file 'C:\Users\Admin\Documents\GitHub\Parentpeak\android\app\build.gradle.kts'.
[   +1 ms] Resolved plugin [id: 'com.android.application']
[        ] Resolved plugin [id: 'kotlin-android']
[        ] Resolved plugin [id: 'dev.flutter.flutter-gradle-plugin']
[        ] Using default execution profile
[        ] Build 11eff132-d008-4c12-a8de-ebd072cb4ef0 is started
[        ] Using Kotlin Gradle Plugin gradle813 variant
[        ] C/C++: android.ndkVersion from module build.gradle is [28.2.13676358]
[        ] C/C++: android.ndkPath from module build.gradle is not set
[        ] C/C++: ndk.dir in local.properties is not set
[        ] C/C++: Not considering ANDROID_NDK_HOME because support was removed after deprecation period.
[        ] C/C++: sdkFolder is C:\Users\Admin\AppData\Local\Android\sdk
[   +2 ms] C/C++: android.ndkVersion from module build.gradle is [28.2.13676358]
[   +2 ms] C/C++: android.ndkPath from module build.gradle is not set
[        ] C/C++: ndk.dir in local.properties is not set
[        ] C/C++: Not considering ANDROID_NDK_HOME because support was removed after deprecation period.
[   +1 ms] C/C++: sdkFolder is C:\Users\Admin\AppData\Local\Android\sdk
[        ] C/C++: android.ndkVersion from module build.gradle is [28.2.13676358]
[        ] C/C++: android.ndkPath from module build.gradle is not set
[        ] C/C++: ndk.dir in local.properties is not set
[        ] C/C++: Not considering ANDROID_NDK_HOME because support was removed after deprecation period.
[        ] C/C++: sdkFolder is C:\Users\Admin\AppData\Local\Android\sdk
[        ] C/C++: android.ndkVersion from module build.gradle is [28.2.13676358]
[        ] C/C++: android.ndkPath from module build.gradle is not set
[        ] C/C++: ndk.dir in local.properties is not set
[   +1 ms] C/C++: Not considering ANDROID_NDK_HOME because support was removed after deprecation period.
[        ] C/C++: sdkFolder is C:\Users\Admin\AppData\Local\Android\sdk
[   +2 ms] C/C++: android.ndkVersion from module build.gradle is [28.2.13676358]
[        ] C/C++: android.ndkPath from module build.gradle is not set
[        ] C/C++: ndk.dir in local.properties is not set
[        ] C/C++: Not considering ANDROID_NDK_HOME because support was removed after deprecation period.
[        ] C/C++: sdkFolder is C:\Users\Admin\AppData\Local\Android\sdk
[        ] C/C++: android.ndkVersion from module build.gradle is [28.2.13676358]
[        ] C/C++: android.ndkPath from module build.gradle is not set
[        ] C/C++: ndk.dir in local.properties is not set
[        ] C/C++: Not considering ANDROID_NDK_HOME because support was removed after deprecation period.
[        ] C/C++: sdkFolder is C:\Users\Admin\AppData\Local\Android\sdk
[        ] C/C++: android.ndkVersion from module build.gradle is [28.2.13676358]
[        ] C/C++: android.ndkPath from module build.gradle is not set
[        ] C/C++: ndk.dir in local.properties is not set
[        ] C/C++: Not considering ANDROID_NDK_HOME because support was removed after deprecation period.
[        ] C/C++: sdkFolder is C:\Users\Admin\AppData\Local\Android\sdk
[        ] C/C++: android.ndkVersion from module build.gradle is [28.2.13676358]
[        ] C/C++: android.ndkPath from module build.gradle is not set
[        ] C/C++: ndk.dir in local.properties is not set
[        ] C/C++: Not considering ANDROID_NDK_HOME because support was removed after deprecation period.
[        ] C/C++: sdkFolder is C:\Users\Admin\AppData\Local\Android\sdk
[        ] C/C++: android.ndkVersion from module build.gradle is [28.2.13676358]
[   +3 ms] C/C++: android.ndkPath from module build.gradle is not set
[        ] C/C++: ndk.dir in local.properties is not set
[        ] C/C++: Not considering ANDROID_NDK_HOME because support was removed after deprecation period.
[        ] C/C++: sdkFolder is C:\Users\Admin\AppData\Local\Android\sdk
[        ] C/C++: android.ndkVersion from module build.gradle is [28.2.13676358]
[        ] C/C++: android.ndkPath from module build.gradle is not set
[        ] C/C++: ndk.dir in local.properties is not set
[        ] C/C++: Not considering ANDROID_NDK_HOME because support was removed after deprecation period.
[        ] C/C++: sdkFolder is C:\Users\Admin\AppData\Local\Android\sdk
[        ] C/C++: android.ndkVersion from module build.gradle is [28.2.13676358]
[        ] C/C++: android.ndkPath from module build.gradle is not set
[        ] C/C++: ndk.dir in local.properties is not set
[        ] C/C++: Not considering ANDROID_NDK_HOME because support was removed after deprecation period.
[        ] C/C++: sdkFolder is C:\Users\Admin\AppData\Local\Android\sdk
[        ] C/C++: android.ndkVersion from module build.gradle is [28.2.13676358]
[        ] C/C++: android.ndkPath from module build.gradle is not set
[        ] C/C++: ndk.dir in local.properties is not set
[        ] C/C++: Not considering ANDROID_NDK_HOME because support was removed after deprecation period.
[        ] C/C++: sdkFolder is C:\Users\Admin\AppData\Local\Android\sdk
[        ] C/C++: android.ndkVersion from module build.gradle is [28.2.13676358]
[        ] C/C++: android.ndkPath from module build.gradle is not set
[   +1 ms] C/C++: ndk.dir in local.properties is not set
[        ] C/C++: Not considering ANDROID_NDK_HOME because support was removed after deprecation period.
[        ] C/C++: sdkFolder is C:\Users\Admin\AppData\Local\Android\sdk
[        ] C/C++: android.ndkVersion from module build.gradle is [28.2.13676358]
[        ] C/C++: android.ndkPath from module build.gradle is not set
[        ] C/C++: ndk.dir in local.properties is not set
[        ] C/C++: Not considering ANDROID_NDK_HOME because support was removed after deprecation period.
[        ] C/C++: sdkFolder is C:\Users\Admin\AppData\Local\Android\sdk
[        ] C/C++: android.ndkVersion from module build.gradle is [28.2.13676358]
[        ] C/C++: android.ndkPath from module build.gradle is not set
[        ] C/C++: ndk.dir in local.properties is not set
[        ] C/C++: Not considering ANDROID_NDK_HOME because support was removed after deprecation period.
[        ] C/C++: sdkFolder is C:\Users\Admin\AppData\Local\Android\sdk
[        ] C/C++: android.ndkVersion from module build.gradle is [28.2.13676358]
[        ] C/C++: android.ndkPath from module build.gradle is not set
[   +1 ms] C/C++: ndk.dir in local.properties is not set
[        ] C/C++: Not considering ANDROID_NDK_HOME because support was removed after deprecation period.
[        ] C/C++: sdkFolder is C:\Users\Admin\AppData\Local\Android\sdk
[        ] C/C++: android.ndkVersion from module build.gradle is [28.2.13676358]
[        ] C/C++: android.ndkPath from module build.gradle is not set
[        ] C/C++: ndk.dir in local.properties is not set
[  +23 ms] C/C++: Not considering ANDROID_NDK_HOME because support was removed after deprecation period.
[        ] C/C++: sdkFolder is C:\Users\Admin\AppData\Local\Android\sdk
[        ] C/C++: android.ndkVersion from module build.gradle is [28.2.13676358]
[        ] C/C++: android.ndkPath from module build.gradle is not set
[        ] C/C++: ndk.dir in local.properties is not set
[        ] C/C++: Not considering ANDROID_NDK_HOME because support was removed after deprecation period.
[        ] C/C++: sdkFolder is C:\Users\Admin\AppData\Local\Android\sdk
[        ] C/C++: android.ndkVersion from module build.gradle is [28.2.13676358]
[   +2 ms] C/C++: android.ndkPath from module build.gradle is not set
[        ] C/C++: ndk.dir in local.properties is not set
[        ] C/C++: Not considering ANDROID_NDK_HOME because support was removed after deprecation period.
[        ] C/C++: sdkFolder is C:\Users\Admin\AppData\Local\Android\sdk
[        ] > Configure project :
[        ] Evaluating root project 'android' using build file 'C:\Users\Admin\Documents\GitHub\Parentpeak\android\build.gradle.kts'.
[ +217 ms] > Configure project :firebase_core
[        ] Evaluating project ':firebase_core' using build file 'C:\Users\Admin\AppData\Local\Pub\Cache\hosted\pub.dev\firebase_core-2.32.0\android\build.gradle'.
[        ] Using default execution profile
[  +99 ms] > Configure project :firebase_messaging
[        ] Evaluating project ':firebase_messaging' using build file 'C:\Users\Admin\AppData\Local\Pub\Cache\hosted\pub.dev\firebase_messaging-14.7.10\android\build.gradle'.
[        ] Using default execution profile
[ +296 ms] > Configure project :flutter_local_notifications
[   +1 ms] Evaluating project ':flutter_local_notifications' using build file 'C:\Users\Admin\AppData\Local\Pub\Cache\hosted\pub.dev\flutter_local_notifications-17.2.4\android\build.gradle'.
[        ] Using default execution profile
[  +96 ms] > Configure project :flutter_secure_storage
[        ] Evaluating project ':flutter_secure_storage' using build file 'C:\Users\Admin\AppData\Local\Pub\Cache\hosted\pub.dev\flutter_secure_storage-8.1.0\android\build.gradle'.
[        ] Using default execution profile
[ +303 ms] > Configure project :shared_preferences_android
[        ] Evaluating project ':shared_preferences_android' using build file 'C:\Users\Admin\AppData\Local\Pub\Cache\hosted\pub.dev\shared_preferences_android-2.4.18\android\build.gradle'.
[        ] Using default execution profile
[        ] Using Kotlin Gradle Plugin gradle813 variant
[        ] All projects evaluated.
[        ] Task name matched 'assembleDebug'
[        ] Selected primary task 'assembleDebug' from project :
[  +99 ms] Adding -Xuse-inline-scopes-numbers Kotlin compiler flag for task :app:compileDebugKotlin
[ +451 ms] Tasks to be executed: [task ':app:DebugMinSdkCheck', task ':app:preBuild', task ':app:preDebugBuild', task ':app:mergeDebugNativeDebugMetadata', task ':app:checkKotlinGradlePluginConfigurationErrors', task ':app:compileFlutterBuildDebug', task ':app:packJniLibsflutterBuildDebug', task ':firebase_core:preBuild', task ':firebase_core:preDebugBuild', task ':firebase_core:writeDebugAarMetadata', task ':firebase_messaging:preBuild', task ':firebase_messaging:preDebugBuild', task ':firebase_messaging:writeDebugAarMetadata', task ':flutter_local_notifications:preBuild', task ':flutter_local_notifications:preDebugBuild', task ':flutter_local_notifications:writeDebugAarMetadata', task ':flutter_secure_storage:preBuild', task ':flutter_secure_storage:preDebugBuild', task ':flutter_secure_storage:writeDebugAarMetadata', task ':shared_preferences_android:preBuild', task ':shared_preferences_android:preDebugBuild', task ':shared_preferences_android:writeDebugAarMetadata', task ':app:checkDebugAarMetadata', task ':app:cleanMergeDebugAssets', task ':app:mergeDebugShaders', task ':app:compileDebugShaders', task ':app:generateDebugAssets', task ':firebase_core:mergeDebugShaders', task ':firebase_core:compileDebugShaders', task ':firebase_core:generateDebugAssets', task ':firebase_core:mergeDebugAssets', task ':firebase_messaging:mergeDebugShaders', task ':firebase_messaging:compileDebugShaders', task ':firebase_messaging:generateDebugAssets', task ':firebase_messaging:mergeDebugAssets', task ':flutter_local_notifications:mergeDebugShaders', task ':flutter_local_notifications:compileDebugShaders', task ':flutter_local_notifications:generateDebugAssets', task ':flutter_local_notifications:mergeDebugAssets', task ':flutter_secure_storage:mergeDebugShaders', task ':flutter_secure_storage:compileDebugShaders', task ':flutter_secure_storage:generateDebugAssets', task ':flutter_secure_storage:mergeDebugAssets', task ':shared_preferences_android:mergeDebugShaders', task ':shared_preferences_android:compileDebugShaders', task ':shared_preferences_android:generateDebugAssets', task ':shared_preferences_android:mergeDebugAssets', task ':app:mergeDebugAssets', task ':app:copyFlutterAssetsDebug', task ':app:generateDebugResValues', task ':firebase_core:generateDebugResValues', task ':firebase_core:generateDebugResources', task ':firebase_core:packageDebugResources', task ':firebase_messaging:generateDebugResValues', task ':firebase_messaging:generateDebugResources', task ':firebase_messaging:packageDebugResources', task ':flutter_local_notifications:generateDebugResValues', task ':flutter_local_notifications:generateDebugResources', task ':flutter_local_notifications:packageDebugResources', task ':flutter_secure_storage:generateDebugResValues', task ':flutter_secure_storage:generateDebugResources', task ':flutter_secure_storage:packageDebugResources', task ':shared_preferences_android:generateDebugResValues', task ':shared_preferences_android:generateDebugResources', task ':shared_preferences_android:packageDebugResources', task ':app:mapDebugSourceSetPaths', task ':app:generateDebugResources', task ':app:mergeDebugResources', task ':app:packageDebugResources', task ':app:parseDebugLocalResources', task ':app:createDebugCompatibleScreenManifests', task ':app:extractDeepLinksDebug', task ':firebase_core:extractDeepLinksDebug', task ':firebase_core:processDebugManifest', task ':firebase_messaging:extractDeepLinksDebug', task ':firebase_messaging:processDebugManifest', task ':flutter_local_notifications:extractDeepLinksDebug', task ':flutter_local_notifications:processDebugManifest', task ':flutter_secure_storage:extractDeepLinksDebug', task ':flutter_secure_storage:processDebugManifest', task ':shared_preferences_android:extractDeepLinksDebug', task ':shared_preferences_android:processDebugManifest', task ':app:processDebugMainManifest', task ':app:outputDebugAppLinkSettings', task ':app:processDebugManifest', task ':app:processDebugManifestForPackage', task ':firebase_core:compileDebugLibraryResources', task ':firebase_core:parseDebugLocalResources', task ':firebase_core:generateDebugRFile', task ':firebase_messaging:compileDebugLibraryResources', task ':firebase_messaging:parseDebugLocalResources', task ':firebase_messaging:generateDebugRFile', task ':flutter_local_notifications:compileDebugLibraryResources', task ':flutter_local_notifications:parseDebugLocalResources', task ':flutter_local_notifications:generateDebugRFile', task ':flutter_secure_storage:compileDebugLibraryResources', task ':flutter_secure_storage:parseDebugLocalResources', task ':flutter_secure_storage:generateDebugRFile', task ':shared_preferences_android:compileDebugLibraryResources', task ':shared_preferences_android:parseDebugLocalResources', task ':shared_preferences_android:generateDebugRFile', task ':app:processDebugResources', task ':firebase_core:generateDebugBuildConfig', task ':firebase_core:javaPreCompileDebug', task ':firebase_core:compileDebugJavaWithJavac', task ':firebase_core:bundleLibCompileToJarDebug', task ':firebase_messaging:generateDebugBuildConfig', task ':firebase_messaging:javaPreCompileDebug', task ':firebase_messaging:compileDebugJavaWithJavac', task ':firebase_messaging:bundleLibCompileToJarDebug', task ':flutter_local_notifications:javaPreCompileDebug', task ':flutter_local_notifications:compileDebugJavaWithJavac', task ':flutter_local_notifications:bundleLibCompileToJarDebug', task ':flutter_secure_storage:generateDebugBuildConfig', task ':flutter_secure_storage:javaPreCompileDebug', task ':flutter_secure_storage:compileDebugJavaWithJavac', task ':flutter_secure_storage:bundleLibCompileToJarDebug', task ':shared_preferences_android:checkKotlinGradlePluginConfigurationErrors', task ':shared_preferences_android:compileDebugKotlin', task ':shared_preferences_android:javaPreCompileDebug', task ':shared_preferences_android:compileDebugJavaWithJavac', task ':shared_preferences_android:bundleLibCompileToJarDebug', task ':app:compileDebugKotlin', task ':app:javaPreCompileDebug', task ':app:compileDebugJavaWithJavac', task ':app:compressDebugAssets', task ':firebase_messaging:bundleLibRuntimeToJarDebug', task ':firebase_core:bundleLibRuntimeToJarDebug', task ':flutter_local_notifications:bundleLibRuntimeToJarDebug', task ':flutter_secure_storage:bundleLibRuntimeToJarDebug', task ':shared_preferences_android:bundleLibRuntimeToJarDebug', task ':app:desugarDebugFileDependencies', task ':app:dexBuilderDebug', task ':app:mergeDebugGlobalSynthetics', task ':app:processDebugJavaRes', task ':firebase_core:processDebugJavaRes', task ':firebase_messaging:processDebugJavaRes', task ':flutter_local_notifications:processDebugJavaRes', task ':flutter_secure_storage:processDebugJavaRes', task ':shared_preferences_android:processDebugJavaRes', task ':app:mergeDebugJavaResource', task ':app:checkDebugDuplicateClasses', task ':app:mergeExtDexDebug', task ':firebase_messaging:bundleLibRuntimeToDirDebug', task ':firebase_core:bundleLibRuntimeToDirDebug', task ':flutter_local_notifications:bundleLibRuntimeToDirDebug', task ':flutter_secure_storage:bundleLibRuntimeToDirDebug', task ':shared_preferences_android:bundleLibRuntimeToDirDebug', task ':app:mergeLibDexDebug', task ':app:mergeProjectDexDebug', task ':app:configureCMakeDebug[arm64-v8a]', task ':app:buildCMakeDebug[arm64-v8a]', task ':app:configureCMakeDebug[armeabi-v7a]', task ':app:buildCMakeDebug[armeabi-v7a]', task ':app:configureCMakeDebug[x86_64]', task ':app:buildCMakeDebug[x86_64]', task ':app:mergeDebugJniLibFolders', task ':firebase_core:mergeDebugJniLibFolders', task ':firebase_core:mergeDebugNativeLibs', task ':firebase_core:copyDebugJniLibsProjectOnly', task ':firebase_messaging:mergeDebugJniLibFolders', task ':firebase_messaging:mergeDebugNativeLibs', task ':firebase_messaging:copyDebugJniLibsProjectOnly', task ':flutter_local_notifications:mergeDebugJniLibFolders', task ':flutter_local_notifications:mergeDebugNativeLibs', task ':flutter_local_notifications:copyDebugJniLibsProjectOnly', task ':flutter_secure_storage:mergeDebugJniLibFolders', task ':flutter_secure_storage:mergeDebugNativeLibs', task ':flutter_secure_storage:copyDebugJniLibsProjectOnly', task ':shared_preferences_android:mergeDebugJniLibFolders', task ':shared_preferences_android:mergeDebugNativeLibs', task ':shared_preferences_android:copyDebugJniLibsProjectOnly', task ':app:mergeDebugNativeLibs', task ':app:stripDebugDebugSymbols', task ':app:validateSigningDebug', task ':app:writeDebugAppMetadata', task ':app:writeDebugSigningConfigVersions', task ':app:packageDebug', task ':app:createDebugApkListingFileRedirect', task ':app:assembleDebug', task ':firebase_core:stripDebugDebugSymbols', task ':firebase_core:copyDebugJniLibsProjectAndLocalJars', task ':firebase_core:extractDebugAnnotations', task ':firebase_core:extractDeepLinksForAarDebug', task ':firebase_core:mergeDebugGeneratedProguardFiles', task ':firebase_core:mergeDebugConsumerProguardFiles', task ':firebase_core:prepareDebugArtProfile', task ':firebase_core:prepareLintJarForPublish', task ':firebase_core:mergeDebugJavaResource', task ':firebase_core:syncDebugLibJars', task ':firebase_core:bundleDebugAar', task ':firebase_core:assembleDebug', task ':firebase_messaging:stripDebugDebugSymbols', task ':firebase_messaging:copyDebugJniLibsProjectAndLocalJars', task ':firebase_messaging:extractDebugAnnotations', task ':firebase_messaging:extractDeepLinksForAarDebug', task ':firebase_messaging:mergeDebugGeneratedProguardFiles', task ':firebase_messaging:mergeDebugConsumerProguardFiles', task ':firebase_messaging:prepareDebugArtProfile', task ':firebase_messaging:prepareLintJarForPublish', task ':firebase_messaging:mergeDebugJavaResource', task ':firebase_messaging:syncDebugLibJars', task ':firebase_messaging:bundleDebugAar', task ':firebase_messaging:assembleDebug', task ':flutter_local_notifications:stripDebugDebugSymbols', task ':flutter_local_notifications:copyDebugJniLibsProjectAndLocalJars', task ':flutter_local_notifications:extractDebugAnnotations', task ':flutter_local_notifications:extractDeepLinksForAarDebug', task ':flutter_local_notifications:mergeDebugGeneratedProguardFiles', task ':flutter_local_notifications:mergeDebugConsumerProguardFiles', task ':flutter_local_notifications:prepareDebugArtProfile', task ':flutter_local_notifications:prepareLintJarForPublish', task ':flutter_local_notifications:mergeDebugJavaResource', task ':flutter_local_notifications:syncDebugLibJars', task ':flutter_local_notifications:bundleDebugAar', task ':flutter_local_notifications:assembleDebug', task ':flutter_secure_storage:stripDebugDebugSymbols', task ':flutter_secure_storage:copyDebugJniLibsProjectAndLocalJars', task ':flutter_secure_storage:extractDebugAnnotations', task ':flutter_secure_storage:extractDeepLinksForAarDebug', task ':flutter_secure_storage:mergeDebugGeneratedProguardFiles', task ':flutter_secure_storage:mergeDebugConsumerProguardFiles', task ':flutter_secure_storage:prepareDebugArtProfile', task ':flutter_secure_storage:prepareLintJarForPublish', task ':flutter_secure_storage:mergeDebugJavaResource', task ':flutter_secure_storage:syncDebugLibJars', task ':flutter_secure_storage:bundleDebugAar', task ':flutter_secure_storage:assembleDebug', task ':shared_preferences_android:stripDebugDebugSymbols', task ':shared_preferences_android:copyDebugJniLibsProjectAndLocalJars', task ':shared_preferences_android:extractDebugAnnotations', task ':shared_preferences_android:extractDeepLinksForAarDebug', task ':shared_preferences_android:mergeDebugGeneratedProguardFiles', task ':shared_preferences_android:mergeDebugConsumerProguardFiles', task ':shared_preferences_android:prepareDebugArtProfile', task ':shared_preferences_android:prepareLintJarForPublish', task ':shared_preferences_android:mergeDebugJavaResource', task ':shared_preferences_android:syncDebugLibJars', task ':shared_preferences_android:bundleDebugAar', task ':shared_preferences_android:assembleDebug']
[   +1 ms] Tasks that were excluded: []
[        ] work action Parameters of IdentityTransform (Thread[#621,included builds,5,main]) started.
[        ] work action Parameters of DexingNoClasspathTransform (Thread[#621,included builds,5,main]) started.
[        ] work action Parameters of DexingOutputSplitTransform (Thread[#621,included builds,5,main]) started.
[        ] work action Parameters of ClassesDirToClassesTransform (Thread[#621,included builds,5,main]) started.
[        ] work action Parameters of DexingOutputSplitTransform (Thread[#621,included builds,5,main]) started.
[        ] Resolve mutations for :app:DebugMinSdkCheck (Thread[#621,included builds,5,main]) started.
[        ] :app:DebugMinSdkCheck (Thread[#621,included builds,5,main]) started.
[        ] > Task :app:DebugMinSdkCheck
[        ] Caching disabled for task ':app:DebugMinSdkCheck' because:
[        ]   Build cache is disabled
[        ] Task ':app:DebugMinSdkCheck' is not up-to-date because:
[        ]   Task has not declared any outputs despite executing actions.
[        ] Resolve mutations for :app:preBuild (Thread[#621,included builds,5,main]) started.
[        ] :app:preBuild (Thread[#621,included builds,5,main]) started.
[        ] > Task :app:preBuild UP-TO-DATE
[        ] Skipping task ':app:preBuild' as it has no actions.
[        ] Resolve mutations for :app:preDebugBuild (Thread[#621,included builds,5,main]) started.
[  +34 ms] :app:preDebugBuild (Thread[#621,included builds,5,main]) started.
[        ] > Task :app:preDebugBuild UP-TO-DATE
[        ] Skipping task ':app:preDebugBuild' as it has no actions.
[        ] Resolve mutations for :app:mergeDebugNativeDebugMetadata (Thread[#621,included builds,5,main]) started.
[        ] :app:mergeDebugNativeDebugMetadata (Thread[#621,included builds,5,main]) started.
[        ] > Task :app:mergeDebugNativeDebugMetadata NO-SOURCE
[        ] Skipping task ':app:mergeDebugNativeDebugMetadata' as it has no source files and no previous output files.
[        ] Resolve mutations for :app:checkKotlinGradlePluginConfigurationErrors (Thread[#621,included builds,5,main]) started.
[        ] :app:checkKotlinGradlePluginConfigurationErrors (Thread[#621,included builds,5,main]) started.
[        ] > Task :app:checkKotlinGradlePluginConfigurationErrors SKIPPED
[        ] Skipping task ':app:checkKotlinGradlePluginConfigurationErrors' as task onlyIf 'errorDiagnostics are present' is false.
[        ] Resolve mutations for :app:compileFlutterBuildDebug (Thread[#621,included builds,5,main]) started.
[        ] :app:compileFlutterBuildDebug (Thread[#621,included builds,5,main]) started.
[ +248 ms] > Task :app:compileFlutterBuildDebug UP-TO-DATE
[        ] Caching disabled for task ':app:compileFlutterBuildDebug' because:
[        ]   Build cache is disabled
[        ]   Caching has not been enabled for the task
[        ] Skipping task ':app:compileFlutterBuildDebug' as it is up-to-date.
[        ] Resolve mutations for :app:packJniLibsflutterBuildDebug (Thread[#624,Execution worker Thread 3,5,main]) started.
[        ] :app:packJniLibsflutterBuildDebug (Thread[#624,Execution worker Thread 3,5,main]) started.
[        ] > Task :app:packJniLibsflutterBuildDebug UP-TO-DATE
[        ] Caching disabled for task ':app:packJniLibsflutterBuildDebug' because:
[        ]   Build cache is disabled
[        ]   Not worth caching
[        ] Skipping task ':app:packJniLibsflutterBuildDebug' as it is up-to-date.
[        ] Resolve mutations for :firebase_core:preBuild (Thread[#624,Execution worker Thread 3,5,main]) started.
[        ] :firebase_core:preBuild (Thread[#624,Execution worker Thread 3,5,main]) started.
[        ] > Task :firebase_core:preBuild UP-TO-DATE
[        ] Skipping task ':firebase_core:preBuild' as it has no actions.
[        ] Resolve mutations for :firebase_core:preDebugBuild (Thread[#624,Execution worker Thread 3,5,main]) started.
[        ] :firebase_core:preDebugBuild (Thread[#624,Execution worker Thread 3,5,main]) started.
[        ] > Task :firebase_core:preDebugBuild UP-TO-DATE
[        ] Skipping task ':firebase_core:preDebugBuild' as it has no actions.
[        ] Resolve mutations for :firebase_core:writeDebugAarMetadata (Thread[#624,Execution worker Thread 3,5,main]) started.
[        ] :firebase_core:writeDebugAarMetadata (Thread[#624,Execution worker Thread 3,5,main]) started.
[  +52 ms] > Task :firebase_core:writeDebugAarMetadata UP-TO-DATE
[        ] Caching disabled for task ':firebase_core:writeDebugAarMetadata' because:
[        ]   Build cache is disabled
[        ]   Caching has been disabled for the task
[        ] Skipping task ':firebase_core:writeDebugAarMetadata' as it is up-to-date.
[        ] work action resolve aar-metadata.properties (project :firebase_core) (Thread[#624,Execution worker Thread 3,5,main]) started.
[        ] Resolve mutations for :firebase_messaging:preBuild (Thread[#624,Execution worker Thread 3,5,main]) started.
[        ] :firebase_messaging:preBuild (Thread[#624,Execution worker Thread 3,5,main]) started.
[        ] > Task :firebase_messaging:preBuild UP-TO-DATE
[        ] Skipping task ':firebase_messaging:preBuild' as it has no actions.
[        ] Resolve mutations for :firebase_messaging:preDebugBuild (Thread[#624,Execution worker Thread 3,5,main]) started.
[        ] :firebase_messaging:preDebugBuild (Thread[#624,Execution worker Thread 3,5,main]) started.
[        ] > Task :firebase_messaging:preDebugBuild UP-TO-DATE
[        ] Skipping task ':firebase_messaging:preDebugBuild' as it has no actions.
[        ] Resolve mutations for :firebase_messaging:writeDebugAarMetadata (Thread[#624,Execution worker Thread 3,5,main]) started.
[        ] :firebase_messaging:writeDebugAarMetadata (Thread[#624,Execution worker Thread 3,5,main]) started.
[        ] > Task :firebase_messaging:writeDebugAarMetadata UP-TO-DATE
[        ] Caching disabled for task ':firebase_messaging:writeDebugAarMetadata' because:
[        ]   Build cache is disabled
[  +96 ms]   Caching has been disabled for the task
[        ] Skipping task ':firebase_messaging:writeDebugAarMetadata' as it is up-to-date.
[        ] work action resolve aar-metadata.properties (project :firebase_messaging) (Thread[#624,Execution worker Thread 3,5,main]) started.
[        ] Resolve mutations for :flutter_local_notifications:preBuild (Thread[#624,Execution worker Thread 3,5,main]) started.
[        ] :flutter_local_notifications:preBuild (Thread[#624,Execution worker Thread 3,5,main]) started.
[        ] > Task :flutter_local_notifications:preBuild UP-TO-DATE
[        ] Skipping task ':flutter_local_notifications:preBuild' as it has no actions.
[        ] Resolve mutations for :flutter_local_notifications:preDebugBuild (Thread[#624,Execution worker Thread 3,5,main]) started.
[        ] :flutter_local_notifications:preDebugBuild (Thread[#624,Execution worker Thread 3,5,main]) started.
[        ] > Task :flutter_local_notifications:preDebugBuild UP-TO-DATE
[        ] Skipping task ':flutter_local_notifications:preDebugBuild' as it has no actions.
[        ] Resolve mutations for :flutter_local_notifications:writeDebugAarMetadata (Thread[#624,Execution worker Thread 3,5,main]) started.
[        ] :flutter_local_notifications:writeDebugAarMetadata (Thread[#624,Execution worker Thread 3,5,main]) started.
[        ] > Task :flutter_local_notifications:writeDebugAarMetadata UP-TO-DATE
[        ] Caching disabled for task ':flutter_local_notifications:writeDebugAarMetadata' because:
[        ]   Build cache is disabled
[        ]   Caching has been disabled for the task
[   +1 ms] Skipping task ':flutter_local_notifications:writeDebugAarMetadata' as it is up-to-date.
[        ] work action resolve aar-metadata.properties (project :flutter_local_notifications) (Thread[#624,Execution worker Thread 3,5,main]) started.
[        ] Resolve mutations for :flutter_secure_storage:preBuild (Thread[#624,Execution worker Thread 3,5,main]) started.
[        ] :flutter_secure_storage:preBuild (Thread[#624,Execution worker Thread 3,5,main]) started.
[        ] > Task :flutter_secure_storage:preBuild UP-TO-DATE
[        ] Skipping task ':flutter_secure_storage:preBuild' as it has no actions.
[        ] Resolve mutations for :flutter_secure_storage:preDebugBuild (Thread[#624,Execution worker Thread 3,5,main]) started.
[        ] :flutter_secure_storage:preDebugBuild (Thread[#624,Execution worker Thread 3,5,main]) started.
[   +1 ms] > Task :flutter_secure_storage:preDebugBuild UP-TO-DATE
[        ] Skipping task ':flutter_secure_storage:preDebugBuild' as it has no actions.
[        ] Resolve mutations for :flutter_secure_storage:writeDebugAarMetadata (Thread[#624,Execution worker Thread 3,5,main]) started.
[        ] :flutter_secure_storage:writeDebugAarMetadata (Thread[#624,Execution worker Thread 3,5,main]) started.
[        ] > Task :flutter_secure_storage:writeDebugAarMetadata UP-TO-DATE
[        ] Caching disabled for task ':flutter_secure_storage:writeDebugAarMetadata' because:
[        ]   Build cache is disabled
[        ]   Caching has been disabled for the task
[        ] Skipping task ':flutter_secure_storage:writeDebugAarMetadata' as it is up-to-date.
[        ] work action resolve aar-metadata.properties (project :flutter_secure_storage) (Thread[#624,Execution worker Thread 3,5,main]) started.
[        ] Resolve mutations for :shared_preferences_android:preBuild (Thread[#624,Execution worker Thread 3,5,main]) started.
[        ] :shared_preferences_android:preBuild (Thread[#624,Execution worker Thread 3,5,main]) started.
[        ] > Task :shared_preferences_android:preBuild UP-TO-DATE
[        ] Skipping task ':shared_preferences_android:preBuild' as it has no actions.
[        ] Resolve mutations for :shared_preferences_android:preDebugBuild (Thread[#624,Execution worker Thread 3,5,main]) started.
[        ] :shared_preferences_android:preDebugBuild (Thread[#624,Execution worker Thread 3,5,main]) started.
[   +1 ms] > Task :shared_preferences_android:preDebugBuild UP-TO-DATE
[        ] Skipping task ':shared_preferences_android:preDebugBuild' as it has no actions.
[        ] Resolve mutations for :shared_preferences_android:writeDebugAarMetadata (Thread[#624,Execution worker Thread 3,5,main]) started.
[        ] :shared_preferences_android:writeDebugAarMetadata (Thread[#624,Execution worker Thread 3,5,main]) started.
[        ] > Task :shared_preferences_android:writeDebugAarMetadata UP-TO-DATE
[        ] Caching disabled for task ':shared_preferences_android:writeDebugAarMetadata' because:
[        ]   Build cache is disabled
[        ]   Caching has been disabled for the task
[   +3 ms] Skipping task ':shared_preferences_android:writeDebugAarMetadata' as it is up-to-date.
[        ] work action resolve aar-metadata.properties (project :shared_preferences_android) (Thread[#624,Execution worker Thread 3,5,main]) started.
[        ] Resolve mutations for :app:checkDebugAarMetadata (Thread[#624,Execution worker Thread 3,5,main]) started.
[        ] :app:checkDebugAarMetadata (Thread[#624,Execution worker Thread 3,5,main]) started.
[ +188 ms] Resolve mutations for :app:cleanMergeDebugAssets (Thread[#623,Execution worker Thread 2,5,main]) started.
[        ] :app:cleanMergeDebugAssets (Thread[#623,Execution worker Thread 2,5,main]) started.
[        ] > Task :app:cleanMergeDebugAssets UP-TO-DATE
[        ] Caching disabled for task ':app:cleanMergeDebugAssets' because:
[        ]   Build cache is disabled
[        ] Task ':app:cleanMergeDebugAssets' is not up-to-date because:
[        ]   Task has not declared any outputs despite executing actions.
[        ] Resolve mutations for :app:mergeDebugShaders (Thread[#623,Execution worker Thread 2,5,main]) started.
[        ] :app:mergeDebugShaders (Thread[#623,Execution worker Thread 2,5,main]) started.
[        ] > Task :app:mergeDebugShaders UP-TO-DATE
[  +64 ms] Caching disabled for task ':app:mergeDebugShaders' because:
[        ]   Build cache is disabled
[        ]   Simple merging task
[        ] Skipping task ':app:mergeDebugShaders' as it is up-to-date.
[        ] Resolve mutations for :app:compileDebugShaders (Thread[#623,Execution worker Thread 2,5,main]) started.
[        ] :app:compileDebugShaders (Thread[#623,Execution worker Thread 2,5,main]) started.
[        ] > Task :app:compileDebugShaders NO-SOURCE
[  +40 ms] Skipping task ':app:compileDebugShaders' as it has no source files and no previous output files.
[        ] Resolve mutations for :app:generateDebugAssets (Thread[#623,Execution worker Thread 2,5,main]) started.
[        ] :app:generateDebugAssets (Thread[#623,Execution worker Thread 2,5,main]) started.
[   +2 ms] > Task :app:generateDebugAssets UP-TO-DATE
[        ] Skipping task ':app:generateDebugAssets' as it has no actions.
[        ] Resolve mutations for :firebase_core:mergeDebugShaders (Thread[#623,Execution worker Thread 2,5,main]) started.
[        ] :firebase_core:mergeDebugShaders (Thread[#623,Execution worker Thread 2,5,main]) started.
[   +1 ms] > Task :firebase_core:mergeDebugShaders UP-TO-DATE
[        ] Caching disabled for task ':firebase_core:mergeDebugShaders' because:
[        ]   Build cache is disabled
[        ]   Simple merging task
[        ] Skipping task ':firebase_core:mergeDebugShaders' as it is up-to-date.
[        ] Resolve mutations for :firebase_core:compileDebugShaders (Thread[#623,Execution worker Thread 2,5,main]) started.
[        ] :firebase_core:compileDebugShaders (Thread[#623,Execution worker Thread 2,5,main]) started.
[   +1 ms] > Task :firebase_core:compileDebugShaders NO-SOURCE
[        ] Skipping task ':firebase_core:compileDebugShaders' as it has no source files and no previous output files.
[        ] Resolve mutations for :firebase_core:generateDebugAssets (Thread[#623,Execution worker Thread 2,5,main]) started.
[   +2 ms] :firebase_core:generateDebugAssets (Thread[#623,Execution worker Thread 2,5,main]) started.
[   +1 ms] > Task :firebase_core:generateDebugAssets UP-TO-DATE
[        ] Skipping task ':firebase_core:generateDebugAssets' as it has no actions.
[        ] Resolve mutations for :firebase_core:mergeDebugAssets (Thread[#623,Execution worker Thread 2,5,main]) started.
[        ] :firebase_core:mergeDebugAssets (Thread[#623,Execution worker Thread 2,5,main]) started.
[   +1 ms] > Task :firebase_core:mergeDebugAssets UP-TO-DATE
[   +2 ms] Caching disabled for task ':firebase_core:mergeDebugAssets' because:
[        ]   Build cache is disabled
[        ]   Simple merging task
[        ] Skipping task ':firebase_core:mergeDebugAssets' as it is up-to-date.
[        ] work action resolve mergeDebugAssets (project :firebase_core) (Thread[#623,Execution worker Thread 2,5,main]) started.
[        ] Resolve mutations for :firebase_messaging:mergeDebugShaders (Thread[#623,Execution worker Thread 2,5,main]) started.
[        ] :firebase_messaging:mergeDebugShaders (Thread[#623,Execution worker Thread 2,5,main]) started.
[        ] > Task :firebase_messaging:mergeDebugShaders UP-TO-DATE
[        ] Caching disabled for task ':firebase_messaging:mergeDebugShaders' because:
[        ]   Build cache is disabled
[        ]   Simple merging task
[        ] Skipping task ':firebase_messaging:mergeDebugShaders' as it is up-to-date.
[        ] Resolve mutations for :firebase_messaging:compileDebugShaders (Thread[#623,Execution worker Thread 2,5,main]) started.
[        ] :firebase_messaging:compileDebugShaders (Thread[#623,Execution worker Thread 2,5,main]) started.
[        ] > Task :firebase_messaging:compileDebugShaders NO-SOURCE
[        ] Skipping task ':firebase_messaging:compileDebugShaders' as it has no source files and no previous output files.
[        ] Resolve mutations for :firebase_messaging:generateDebugAssets (Thread[#623,Execution worker Thread 2,5,main]) started.
[        ] :firebase_messaging:generateDebugAssets (Thread[#623,Execution worker Thread 2,5,main]) started.
[        ] > Task :firebase_messaging:generateDebugAssets UP-TO-DATE
[        ] Skipping task ':firebase_messaging:generateDebugAssets' as it has no actions.
[        ] Resolve mutations for :firebase_messaging:mergeDebugAssets (Thread[#623,Execution worker Thread 2,5,main]) started.
[        ] :firebase_messaging:mergeDebugAssets (Thread[#623,Execution worker Thread 2,5,main]) started.
[        ] > Task :firebase_messaging:mergeDebugAssets UP-TO-DATE
[        ] Caching disabled for task ':firebase_messaging:mergeDebugAssets' because:
[        ]   Build cache is disabled
[        ]   Simple merging task
[        ] Skipping task ':firebase_messaging:mergeDebugAssets' as it is up-to-date.
[        ] work action resolve mergeDebugAssets (project :firebase_messaging) (Thread[#623,Execution worker Thread 2,5,main]) started.
[        ] Resolve mutations for :flutter_local_notifications:mergeDebugShaders (Thread[#623,Execution worker Thread 2,5,main]) started.
[        ] :flutter_local_notifications:mergeDebugShaders (Thread[#623,Execution worker Thread 2,5,main]) started.
[        ] > Task :flutter_local_notifications:mergeDebugShaders UP-TO-DATE
[        ] Caching disabled for task ':flutter_local_notifications:mergeDebugShaders' because:
[        ]   Build cache is disabled
[        ]   Simple merging task
[        ] Skipping task ':flutter_local_notifications:mergeDebugShaders' as it is up-to-date.
flutter : [        ] FAILURE: Build failed with an exception.
In Zeile:1 Zeichen:1
+ flutter run --verbose 2>&1 | Tee-Object -FilePath build_error.log
+ ~~~~~~~~~~~~~~~~~~~~~~~~~~
    + CategoryInfo          : NotSpecified: ([        ] FAIL...h an excep 
   tion.:String) [], RemoteException
    + FullyQualifiedErrorId : NativeCommandError
 
[   +2 ms] * What went wrong:
[ +147 ms] Resolve mutations for :flutter_local_notifications:compileDebugShaders (Thread[#623,Execution worker Thread 2,5,main]) started.
[        ] Execution failed for task ':app:checkDebugAarMetadata'.
[        ] > A failure occurred while executing 
com.android.build.gradle.internal.tasks.CheckAarMetadataWorkAction
[        ]    > An issue was found when checking AAR metadata:
[        ]        1.  Dependency ':flutter_local_notifications' requires 
core library desugaring to be enabled
[        ] :flutter_local_notifications:compileDebugShaders (Thread[#623,Execution worker Thread 2,5,main]) started.
[        ] > Task :flutter_local_notifications:compileDebugShaders NO-SOURCE
[        ] Skipping task ':flutter_local_notifications:compileDebugShaders' as it has no source files and no previous output files.
[        ] Resolve mutations for :flutter_local_notifications:generateDebugAssets (Thread[#623,Execution worker Thread 2,5,main]) started.
[        ] :flutter_local_notifications:generateDebugAssets (Thread[#623,Execution worker Thread 2,5,main]) started.
[        ] > Task :flutter_local_notifications:generateDebugAssets UP-TO-DATE
[        ]            for :app.
[        ]            See 
https://developer.android.com/studio/write/java8-support.html for more
[        ]            details.
[        ] * Try:
[        ] Skipping task ':flutter_local_notifications:generateDebugAssets' as it has no actions.
[        ] Resolve mutations for :flutter_local_notifications:mergeDebugAssets (Thread[#623,Execution worker Thread 2,5,main]) started.
[        ] :flutter_local_notifications:mergeDebugAssets (Thread[#623,Execution worker Thread 2,5,main]) started.
[        ] > Task :flutter_local_notifications:mergeDebugAssets UP-TO-DATE
[        ] Caching disabled for task ':flutter_local_notifications:mergeDebugAssets' because:
[        ] > Run with --debug option to get more log output.
[        ] > Run with --scan to get full insights.
[        ] > Get more help at https://help.gradle.org.
[        ] * Exception is:
[        ]   Build cache is disabled
[        ]   Simple merging task
[        ] Skipping task ':flutter_local_notifications:mergeDebugAssets' as it is up-to-date.
[        ] work action resolve mergeDebugAssets (project :flutter_local_notifications) (Thread[#623,Execution worker Thread 2,5,main]) started.
[        ] Resolve mutations for :flutter_secure_storage:mergeDebugShaders (Thread[#623,Execution worker Thread 2,5,main]) started.
[        ] org.gradle.api.tasks.TaskExecutionException: Execution failed 
for task ':app:checkDebugAarMetadata'.
[        ] 	at org.gradle.api.internal.tasks.execution.ExecuteActionsTaskE
xecuter.lambda$executeIfValid$1(ExecuteActionsTaskExecuter.java:130)
[        ] 	at 
org.gradle.internal.Try$Failure.ifSuccessfulOrElse(Try.java:293)
[        ] 	at org.gradle.api.internal.tasks.execution.ExecuteActionsTaskE
xecuter.executeIfValid(ExecuteActionsTaskExecuter.java:128)
[        ] 	at org.gradle.api.internal.tasks.execution.ExecuteActionsTaskE
xecuter.execute(ExecuteActionsTaskExecuter.java:116)
[        ] :flutter_secure_storage:mergeDebugShaders (Thread[#623,Execution worker Thread 2,5,main]) started.
[   +1 ms] > Task :flutter_secure_storage:mergeDebugShaders UP-TO-DATE
[        ] Caching disabled for task ':flutter_secure_storage:mergeDebugShaders' because:
[        ]   Build cache is disabled
[        ]   Simple merging task
[        ] 	at org.gradle.api.internal.tasks.execution.ProblemsTaskPathTra
ckingTaskExecuter.execute(ProblemsTaskPathTrackingTaskExecuter.java:41)
[        ] 	at org.gradle.api.internal.tasks.execution.FinalizePropertiesT
askExecuter.execute(FinalizePropertiesTaskExecuter.java:46)
[        ] 	at org.gradle.api.internal.tasks.execution.ResolveTaskExecutio
nModeExecuter.execute(ResolveTaskExecutionModeExecuter.java:51)
[        ] 	at org.gradle.api.internal.tasks.execution.SkipTaskWithNoActio
nsExecuter.execute(SkipTaskWithNoActionsExecuter.java:57)
[        ] 	at org.gradle.api.internal.tasks.execution.SkipOnlyIfTaskExecu
ter.execute(SkipOnlyIfTaskExecuter.java:74)
[        ] Skipping task ':flutter_secure_storage:mergeDebugShaders' as it is up-to-date.
[        ] Resolve mutations for :flutter_secure_storage:compileDebugShaders (Thread[#622,Execution worker,5,main]) started.
[        ] :flutter_secure_storage:compileDebugShaders (Thread[#622,Execution worker,5,main]) started.
[        ] > Task :flutter_secure_storage:compileDebugShaders NO-SOURCE
[        ] Skipping task ':flutter_secure_storage:compileDebugShaders' as it has no source files and no previous output files.
[        ] Resolve mutations for :flutter_secure_storage:generateDebugAssets (Thread[#622,Execution worker,5,main]) started.
[        ] 	at org.gradle.api.internal.tasks.execution.CatchExceptionTaskE
xecuter.execute(CatchExceptionTaskExecuter.java:36)
[        ] 	at org.gradle.api.internal.tasks.execution.EventFiringTaskExec
uter$1.executeTask(EventFiringTaskExecuter.java:77)
[        ] 	at org.gradle.api.internal.tasks.execution.EventFiringTaskExec
uter$1.call(EventFiringTaskExecuter.java:55)
[        ] 	at org.gradle.api.internal.tasks.execution.EventFiringTaskExec
uter$1.call(EventFiringTaskExecuter.java:52)
[        ] 	at org.gradle.internal.operations.DefaultBuildOperationRunner$
CallableBuildOperationWorker.execute(DefaultBuildOperationRunner.java:210)
[        ] 	at org.gradle.internal.operations.DefaultBuildOperationRunner$
CallableBuildOperationWorker.execute(DefaultBuildOperationRunner.java:205)
[        ] :flutter_secure_storage:generateDebugAssets (Thread[#622,Execution worker,5,main]) started.
[        ] > Task :flutter_secure_storage:generateDebugAssets UP-TO-DATE
[        ] Skipping task ':flutter_secure_storage:generateDebugAssets' as it has no actions.
[        ] Resolve mutations for :flutter_secure_storage:mergeDebugAssets (Thread[#622,Execution worker,5,main]) started.
[        ] :flutter_secure_storage:mergeDebugAssets (Thread[#622,Execution worker,5,main]) started.
[        ] 	at org.gradle.internal.operations.DefaultBuildOperationRunner$
2.execute(DefaultBuildOperationRunner.java:67)
[        ] 	at org.gradle.internal.operations.DefaultBuildOperationRunner$
2.execute(DefaultBuildOperationRunner.java:60)
[        ] 	at org.gradle.internal.operations.DefaultBuildOperationRunner.
execute(DefaultBuildOperationRunner.java:167)
[        ] 	at org.gradle.internal.operations.DefaultBuildOperationRunner.
execute(DefaultBuildOperationRunner.java:60)
[        ] 	at org.gradle.internal.operations.DefaultBuildOperationRunner.
call(DefaultBuildOperationRunner.java:54)
[        ] 	at org.gradle.api.internal.tasks.execution.EventFiringTaskExec
uter.execute(EventFiringTaskExecuter.java:52)
[        ] > Task :flutter_secure_storage:mergeDebugAssets UP-TO-DATE
[        ] Caching disabled for task ':flutter_secure_storage:mergeDebugAssets' because:
[        ]   Build cache is disabled
[        ]   Simple merging task
[        ] Skipping task ':flutter_secure_storage:mergeDebugAssets' as it is up-to-date.
[        ] work action resolve mergeDebugAssets (project :flutter_secure_storage) (Thread[#622,Execution worker,5,main]) started.
[        ] 	at org.gradle.execution.plan.LocalTaskNodeExecutor.execute(Loc
alTaskNodeExecutor.java:42)
[        ] Resolve mutations for :shared_preferences_android:mergeDebugShaders (Thread[#622,Execution worker,5,main]) started.
[        ] :shared_preferences_android:mergeDebugShaders (Thread[#622,Execution worker,5,main]) started.
[        ] > Task :shared_preferences_android:mergeDebugShaders UP-TO-DATE
[        ] 	at org.gradle.execution.taskgraph.DefaultTaskExecutionGraph$In
vokeNodeExecutorsAction.execute(DefaultTaskExecutionGraph.java:331)
[        ] 	at org.gradle.execution.taskgraph.DefaultTaskExecutionGraph$In
vokeNodeExecutorsAction.execute(DefaultTaskExecutionGraph.java:318)
[        ] 	at org.gradle.execution.taskgraph.DefaultTaskExecutionGraph$Bu
ildOperationAwareExecutionAction.lambda$execute$0(DefaultTaskExecutionGrap
h.java:314)
[        ] 	at org.gradle.internal.operations.CurrentBuildOperationRef.wit
h(CurrentBuildOperationRef.java:85)
[        ] Caching disabled for task ':shared_preferences_android:mergeDebugShaders' because:
[ +202 ms]   Build cache is disabled
[  +27 ms] 	at org.gradle.execution.taskgraph.DefaultTaskExecutionGraph$Bu
ildOperationAwareExecutionAction.execute(DefaultTaskExecutionGraph.java:31
4)
[        ] 	at org.gradle.execution.taskgraph.DefaultTaskExecutionGraph$Bu
ildOperationAwareExecutionAction.execute(DefaultTaskExecutionGraph.java:30
3)
[        ] 	at org.gradle.execution.plan.DefaultPlanExecutor$ExecutorWorke
r.execute(DefaultPlanExecutor.java:459)
[        ] 	at org.gradle.execution.plan.DefaultPlanExecutor$ExecutorWorke
r.run(DefaultPlanExecutor.java:376)
[        ] 	at org.gradle.internal.concurrent.ExecutorPolicy$CatchAndRecor
dFailures.onExecute(ExecutorPolicy.java:64)
[        ] 	at org.gradle.internal.concurrent.AbstractManagedExecutor$1.ru
n(AbstractManagedExecutor.java:48)
[        ]   Simple merging task
[        ] Skipping task ':shared_preferences_android:mergeDebugShaders' as it is up-to-date.
[        ] Resolve mutations for :shared_preferences_android:compileDebugShaders (Thread[#622,Execution worker,5,main]) started.
[        ] :shared_preferences_android:compileDebugShaders (Thread[#622,Execution worker,5,main]) started.
[        ] 	at 
java.base/java.util.concurrent.ThreadPoolExecutor.runWorker(Unknown 
Source)
[        ] 	at 
java.base/java.util.concurrent.ThreadPoolExecutor$Worker.run(Unknown 
Source)
[        ] 	at java.base/java.lang.Thread.run(Unknown Source)
[        ] Caused by: 
org.gradle.workers.internal.DefaultWorkerExecutor$WorkExecutionException: 
A failure occurred while executing 
com.android.build.gradle.internal.tasks.CheckAarMetadataWorkAction
[        ] 	at org.gradle.workers.internal.DefaultWorkerExecutor$WorkItemE
xecution.waitForCompletion(DefaultWorkerExecutor.java:287)
[        ] > Task :shared_preferences_android:compileDebugShaders NO-SOURCE
[        ] Skipping task ':shared_preferences_android:compileDebugShaders' as it has no source files and no previous output files.
[        ] Resolve mutations for :shared_preferences_android:generateDebugAssets (Thread[#622,Execution worker,5,main]) started.
[        ] :shared_preferences_android:generateDebugAssets (Thread[#622,Execution worker,5,main]) started.
[        ] > Task :shared_preferences_android:generateDebugAssets UP-TO-DATE
[        ] Skipping task ':shared_preferences_android:generateDebugAssets' as it has no actions.
[        ] 	at org.gradle.internal.work.DefaultAsyncWorkTracker.lambda$wai
tForItemsAndGatherFailures$2(DefaultAsyncWorkTracker.java:130)
[        ] 	at org.gradle.internal.Factories$1.create(Factories.java:31)
[        ] 	at org.gradle.internal.work.DefaultWorkerLeaseService.withoutL
ocks(DefaultWorkerLeaseService.java:335)
[        ] 	at org.gradle.internal.work.DefaultWorkerLeaseService.withoutL
ocks(DefaultWorkerLeaseService.java:318)
[        ] 	at org.gradle.internal.work.DefaultWorkerLeaseService.withoutL
ock(DefaultWorkerLeaseService.java:323)
[        ] Resolve mutations for :shared_preferences_android:mergeDebugAssets (Thread[#622,Execution worker,5,main]) started.
[        ] :shared_preferences_android:mergeDebugAssets (Thread[#622,Execution worker,5,main]) started.
[        ] > Task :app:checkDebugAarMetadata FAILED
[        ] Caching disabled for task ':app:checkDebugAarMetadata' because:
[        ] 	at org.gradle.internal.work.DefaultAsyncWorkTracker.waitForIte
msAndGatherFailures(DefaultAsyncWorkTracker.java:126)
[        ] 	at org.gradle.internal.work.DefaultAsyncWorkTracker.waitForIte
msAndGatherFailures(DefaultAsyncWorkTracker.java:92)
[        ] 	at org.gradle.internal.work.DefaultAsyncWorkTracker.waitForAll
(DefaultAsyncWorkTracker.java:78)
[        ] 	at org.gradle.internal.work.DefaultAsyncWorkTracker.waitForCom
pletion(DefaultAsyncWorkTracker.java:66)
[        ] 	at org.gradle.api.internal.tasks.execution.TaskExecution$3.run
(TaskExecution.java:252)
[        ] 	at org.gradle.internal.operations.DefaultBuildOperationRunner$
1.execute(DefaultBuildOperationRunner.java:30)
[        ]   Build cache is disabled
[        ]   Caching has been disabled for the task
[        ] Task ':app:checkDebugAarMetadata' is not up-to-date because:
[        ]   Input property 'aarMetadataFiles' file C:\Users\Admin\Documents\GitHub\Parentpeak\build\flutter_local_notifications\intermediates\aar_metadata\debug\writeDebugAarMetadata\aar-metadata.properties has been added.
[        ] > Task :shared_preferences_android:mergeDebugAssets UP-TO-DATE
[        ] 	at org.gradle.internal.operations.DefaultBuildOperationRunner$
1.execute(DefaultBuildOperationRunner.java:27)
[        ] 	at org.gradle.internal.operations.DefaultBuildOperationRunner$
2.execute(DefaultBuildOperationRunner.java:67)
[        ] 	at org.gradle.internal.operations.DefaultBuildOperationRunner$
2.execute(DefaultBuildOperationRunner.java:60)
[        ] 	at org.gradle.internal.operations.DefaultBuildOperationRunner.
execute(DefaultBuildOperationRunner.java:167)
[        ] Caching disabled for task ':shared_preferences_android:mergeDebugAssets' because:
[        ]   Build cache is disabled
[        ]   Simple merging task
[   +1 ms] Skipping task ':shared_preferences_android:mergeDebugAssets' as it is up-to-date.
[        ] 	at org.gradle.internal.operations.DefaultBuildOperationRunner.
execute(DefaultBuildOperationRunner.java:60)
[        ] 	at org.gradle.internal.operations.DefaultBuildOperationRunner.
run(DefaultBuildOperationRunner.java:48)
[        ] Build 11eff132-d008-4c12-a8de-ebd072cb4ef0 is closed
[        ] [Incubating] Problems report is available at: file:///C:/Users/Admin/Documents/GitHub/Parentpeak/build/reports/problems/problems-report.html
[        ] 	at org.gradle.api.internal.tasks.execution.TaskExecution.execu
teAction(TaskExecution.java:229)
[        ] 	at org.gradle.api.internal.tasks.execution.TaskExecution.execu
teActions(TaskExecution.java:212)
[        ] 	at org.gradle.api.internal.tasks.execution.TaskExecution.execu
teWithPreviousOutputFiles(TaskExecution.java:195)
[        ] 	at org.gradle.api.internal.tasks.execution.TaskExecution.execu
te(TaskExecution.java:162)
[        ] 	at org.gradle.internal.execution.steps.ExecuteStep.executeInte
rnal(ExecuteStep.java:105)
[        ] 	at org.gradle.internal.execution.steps.ExecuteStep.access$000(
ExecuteStep.java:44)
[        ] 	at org.gradle.internal.execution.steps.ExecuteStep$1.call(Exec
uteStep.java:59)
[  +83 ms] 	at org.gradle.internal.execution.steps.ExecuteStep$1.call(Exec
uteStep.java:56)
[        ] 	at org.gradle.internal.operations.DefaultBuildOperationRunner$
CallableBuildOperationWorker.execute(DefaultBuildOperationRunner.java:210)
[        ] 	at org.gradle.internal.operations.DefaultBuildOperationRunner$
CallableBuildOperationWorker.execute(DefaultBuildOperationRunner.java:205)
[        ] 	at org.gradle.internal.operations.DefaultBuildOperationRunner$
2.execute(DefaultBuildOperationRunner.java:67)
[        ] 	at org.gradle.internal.operations.DefaultBuildOperationRunner$
2.execute(DefaultBuildOperationRunner.java:60)
[        ] 	at org.gradle.internal.operations.DefaultBuildOperationRunner.
execute(DefaultBuildOperationRunner.java:167)
[        ] 	at org.gradle.internal.operations.DefaultBuildOperationRunner.
execute(DefaultBuildOperationRunner.java:60)
[        ] 	at org.gradle.internal.operations.DefaultBuildOperationRunner.
call(DefaultBuildOperationRunner.java:54)
[        ] 	at org.gradle.internal.execution.steps.ExecuteStep.execute(Exe
cuteStep.java:56)
[        ] 	at org.gradle.internal.execution.steps.ExecuteStep.execute(Exe
cuteStep.java:44)
[        ] 	at org.gradle.internal.execution.steps.CancelExecutionStep.exe
cute(CancelExecutionStep.java:42)
[        ] 	at org.gradle.internal.execution.steps.TimeoutStep.executeWith
outTimeout(TimeoutStep.java:75)
[        ] 	at org.gradle.internal.execution.steps.TimeoutStep.execute(Tim
eoutStep.java:55)
[        ] 	at org.gradle.internal.execution.steps.PreCreateOutputParentsS
tep.execute(PreCreateOutputParentsStep.java:50)
[        ] 	at org.gradle.internal.execution.steps.PreCreateOutputParentsS
tep.execute(PreCreateOutputParentsStep.java:28)
[        ] 	at org.gradle.internal.execution.steps.RemovePreviousOutputsSt
ep.execute(RemovePreviousOutputsStep.java:67)
[        ] 	at org.gradle.internal.execution.steps.RemovePreviousOutputsSt
ep.execute(RemovePreviousOutputsStep.java:37)
[        ] 	at org.gradle.internal.execution.steps.BroadcastChangingOutput
sStep.execute(BroadcastChangingOutputsStep.java:61)
[        ] 	at org.gradle.internal.execution.steps.BroadcastChangingOutput
sStep.execute(BroadcastChangingOutputsStep.java:26)
[        ] 	at org.gradle.internal.execution.steps.CaptureOutputsAfterExec
utionStep.execute(CaptureOutputsAfterExecutionStep.java:69)
[        ] 	at org.gradle.internal.execution.steps.CaptureOutputsAfterExec
utionStep.execute(CaptureOutputsAfterExecutionStep.java:46)
[        ] 	at org.gradle.internal.execution.steps.ResolveInputChangesStep
.execute(ResolveInputChangesStep.java:40)
[        ] 	at org.gradle.internal.execution.steps.ResolveInputChangesStep
.execute(ResolveInputChangesStep.java:29)
[        ] 	at org.gradle.internal.execution.steps.BuildCacheStep.executeW
ithoutCache(BuildCacheStep.java:189)
[        ] 	at org.gradle.internal.execution.steps.BuildCacheStep.lambda$e
xecute$1(BuildCacheStep.java:75)
[        ] 	at org.gradle.internal.Either$Right.fold(Either.java:175)
[        ] 	at org.gradle.internal.execution.caching.CachingState.fold(Cac
hingState.java:62)
[        ] 	at org.gradle.internal.execution.steps.BuildCacheStep.execute(
BuildCacheStep.java:73)
[        ] 	at org.gradle.internal.execution.steps.BuildCacheStep.execute(
BuildCacheStep.java:48)
[        ] 	at org.gradle.internal.execution.steps.StoreExecutionStateStep
.execute(StoreExecutionStateStep.java:46)
[        ] 	at org.gradle.internal.execution.steps.StoreExecutionStateStep
.execute(StoreExecutionStateStep.java:35)
[        ] 	at org.gradle.internal.execution.steps.SkipUpToDateStep.execut
eBecause(SkipUpToDateStep.java:75)
[        ] 	at org.gradle.internal.execution.steps.SkipUpToDateStep.lambda
$execute$2(SkipUpToDateStep.java:53)
[        ] 	at java.base/java.util.Optional.orElseGet(Unknown Source)
[        ] 	at org.gradle.internal.execution.steps.SkipUpToDateStep.execut
e(SkipUpToDateStep.java:53)
[        ] 	at org.gradle.internal.execution.steps.SkipUpToDateStep.execut
e(SkipUpToDateStep.java:35)
[        ] 	at org.gradle.internal.execution.steps.legacy.MarkSnapshotting
InputsFinishedStep.execute(MarkSnapshottingInputsFinishedStep.java:37)
[+1082 ms] 	at org.gradle.internal.execution.steps.legacy.MarkSnapshotting
InputsFinishedStep.execute(MarkSnapshottingInputsFinishedStep.java:27)
[        ] 	at org.gradle.internal.execution.steps.ResolveIncrementalCachi
ngStateStep.executeDelegate(ResolveIncrementalCachingStateStep.java:49)
[        ] 	at org.gradle.internal.execution.steps.ResolveIncrementalCachi
ngStateStep.executeDelegate(ResolveIncrementalCachingStateStep.java:27)
[        ] 	at org.gradle.internal.execution.steps.AbstractResolveCachingS
tateStep.execute(AbstractResolveCachingStateStep.java:71)
[        ] 	at org.gradle.internal.execution.steps.AbstractResolveCachingS
tateStep.execute(AbstractResolveCachingStateStep.java:39)
[        ] 	at org.gradle.internal.execution.steps.ResolveChangesStep.exec
ute(ResolveChangesStep.java:65)
[        ] 	at org.gradle.internal.execution.steps.ResolveChangesStep.exec
ute(ResolveChangesStep.java:36)
[        ] 	at org.gradle.internal.execution.steps.ValidateStep.execute(Va
lidateStep.java:107)
[        ] 	at org.gradle.internal.execution.steps.ValidateStep.execute(Va
lidateStep.java:56)
[        ] 	at org.gradle.internal.execution.steps.AbstractCaptureStateBef
oreExecutionStep.execute(AbstractCaptureStateBeforeExecutionStep.java:64)
[        ] 	at org.gradle.internal.execution.steps.AbstractCaptureStateBef
oreExecutionStep.execute(AbstractCaptureStateBeforeExecutionStep.java:43)
[        ] 	at org.gradle.internal.execution.steps.AbstractSkipEmptyWorkSt
ep.executeWithNonEmptySources(AbstractSkipEmptyWorkStep.java:125)
[        ] 	at org.gradle.internal.execution.steps.AbstractSkipEmptyWorkSt
ep.execute(AbstractSkipEmptyWorkStep.java:56)
[        ] 	at org.gradle.internal.execution.steps.AbstractSkipEmptyWorkSt
ep.execute(AbstractSkipEmptyWorkStep.java:36)
[        ] 	at org.gradle.internal.execution.steps.legacy.MarkSnapshotting
InputsStartedStep.execute(MarkSnapshottingInputsStartedStep.java:38)
[        ] 	at org.gradle.internal.execution.steps.LoadPreviousExecutionSt
ateStep.execute(LoadPreviousExecutionStateStep.java:36)
[        ] 	at org.gradle.internal.execution.steps.LoadPreviousExecutionSt
ateStep.execute(LoadPreviousExecutionStateStep.java:23)
[        ] 	at org.gradle.internal.execution.steps.HandleStaleOutputsStep.
execute(HandleStaleOutputsStep.java:75)
[        ] 	at org.gradle.internal.execution.steps.HandleStaleOutputsStep.
execute(HandleStaleOutputsStep.java:41)
[        ] 	at org.gradle.internal.execution.steps.AssignMutableWorkspaceS
tep.lambda$execute$0(AssignMutableWorkspaceStep.java:35)
[        ] 	at org.gradle.api.internal.tasks.execution.TaskExecution$4.wit
hWorkspace(TaskExecution.java:289)
[        ] 	at org.gradle.internal.execution.steps.AssignMutableWorkspaceS
tep.execute(AssignMutableWorkspaceStep.java:31)
[        ] 	at org.gradle.internal.execution.steps.AssignMutableWorkspaceS
tep.execute(AssignMutableWorkspaceStep.java:22)
[        ] 	at org.gradle.internal.execution.steps.ChoosePipelineStep.exec
ute(ChoosePipelineStep.java:40)
[        ] 	at org.gradle.internal.execution.steps.ChoosePipelineStep.exec
ute(ChoosePipelineStep.java:23)
[        ] 	at org.gradle.internal.execution.steps.ExecuteWorkBuildOperati
onFiringStep.lambda$execute$2(ExecuteWorkBuildOperationFiringStep.java:67)
[        ] 	at java.base/java.util.Optional.orElseGet(Unknown Source)
[        ] 	at org.gradle.internal.execution.steps.ExecuteWorkBuildOperati
onFiringStep.execute(ExecuteWorkBuildOperationFiringStep.java:67)
[        ] 	at org.gradle.internal.execution.steps.ExecuteWorkBuildOperati
onFiringStep.execute(ExecuteWorkBuildOperationFiringStep.java:39)
[        ] 	at org.gradle.internal.execution.steps.IdentityCacheStep.execu
te(IdentityCacheStep.java:46)
[        ] 	at org.gradle.internal.execution.steps.IdentityCacheStep.execu
te(IdentityCacheStep.java:34)
[        ] 	at org.gradle.internal.execution.steps.IdentifyStep.execute(Id
entifyStep.java:48)
[        ] 	at org.gradle.internal.execution.steps.IdentifyStep.execute(Id
entifyStep.java:35)
[        ] 	at org.gradle.internal.execution.impl.DefaultExecutionEngine$1
.execute(DefaultExecutionEngine.java:64)
[   +8 ms] Deprecated Gradle features were used in this build, making it incompatible with Gradle 9.0.
[ +113 ms] 	at org.gradle.api.internal.tasks.execution.ExecuteActionsTaskE
xecuter.executeIfValid(ExecuteActionsTaskExecuter.java:127)
[        ] You can use '--warning-mode all' to show the individual deprecation warnings and determine if they come from your own scripts or plugins.
[        ] 	at org.gradle.api.internal.tasks.execution.ExecuteActionsTaskE
xecuter.execute(ExecuteActionsTaskExecuter.java:116)
[        ] For more on this, please refer to https://docs.gradle.org/8.14/userguide/command_line_interface.html#sec:command_line_warnings in the Gradle documentation.
[        ] 25 actionable tasks: 2 executed, 23 up-to-date
[        ] Watched directory hierarchies: [C:\dev\flutter\packages\flutter_tools\gradle, C:\Users\Admin\Documents\GitHub\Parentpeak\android]
[        ] 	at org.gradle.api.internal.tasks.execution.ProblemsTaskPathTra
ckingTaskExecuter.execute(ProblemsTaskPathTrackingTaskExecuter.java:41)
[        ] 	at org.gradle.api.internal.tasks.execution.FinalizePropertiesT
askExecuter.execute(FinalizePropertiesTaskExecuter.java:46)
[        ] 	at org.gradle.api.internal.tasks.execution.ResolveTaskExecutio
nModeExecuter.execute(ResolveTaskExecutionModeExecuter.java:51)
[        ] 	at org.gradle.api.internal.tasks.execution.SkipTaskWithNoActio
nsExecuter.execute(SkipTaskWithNoActionsExecuter.java:57)
[        ] 	at org.gradle.api.internal.tasks.execution.SkipOnlyIfTaskExecu
ter.execute(SkipOnlyIfTaskExecuter.java:74)
[ +157 ms] Running Gradle task 'assembleDebug'... (completed in 9,9s)
[        ] 	at org.gradle.api.internal.tasks.execution.CatchExceptionTaskE
xecuter.execute(CatchExceptionTaskExecuter.java:36)
[        ] 	at org.gradle.api.internal.tasks.execution.EventFiringTaskExec
uter$1.executeTask(EventFiringTaskExecuter.java:77)
[        ] 	at org.gradle.api.internal.tasks.execution.EventFiringTaskExec
uter$1.call(EventFiringTaskExecuter.java:55)
[        ] 	at org.gradle.api.internal.tasks.execution.EventFiringTaskExec
uter$1.call(EventFiringTaskExecuter.java:52)
[        ] 	at org.gradle.internal.operations.DefaultBuildOperationRunner$
CallableBuildOperationWorker.execute(DefaultBuildOperationRunner.java:210)
[        ] 	at org.gradle.internal.operations.DefaultBuildOperationRunner$
CallableBuildOperationWorker.execute(DefaultBuildOperationRunner.java:205)
[        ] 	at org.gradle.internal.operations.DefaultBuildOperationRunner$
2.execute(DefaultBuildOperationRunner.java:67)
[        ] 	at org.gradle.internal.operations.DefaultBuildOperationRunner$
2.execute(DefaultBuildOperationRunner.java:60)
[        ] 	at org.gradle.internal.operations.DefaultBuildOperationRunner.
execute(DefaultBuildOperationRunner.java:167)
[        ] 	at org.gradle.internal.operations.DefaultBuildOperationRunner.
execute(DefaultBuildOperationRunner.java:60)
[        ] 	at org.gradle.internal.operations.DefaultBuildOperationRunner.
call(DefaultBuildOperationRunner.java:54)
[        ] 	at org.gradle.api.internal.tasks.execution.EventFiringTaskExec
uter.execute(EventFiringTaskExecuter.java:52)
[        ] 	at org.gradle.execution.plan.LocalTaskNodeExecutor.execute(Loc
alTaskNodeExecutor.java:42)
[        ] 	at org.gradle.execution.taskgraph.DefaultTaskExecutionGraph$In
vokeNodeExecutorsAction.execute(DefaultTaskExecutionGraph.java:331)
[        ] 	at org.gradle.execution.taskgraph.DefaultTaskExecutionGraph$In
vokeNodeExecutorsAction.execute(DefaultTaskExecutionGraph.java:318)
[        ] 	at org.gradle.execution.taskgraph.DefaultTaskExecutionGraph$Bu
ildOperationAwareExecutionAction.lambda$execute$0(DefaultTaskExecutionGrap
h.java:314)
[        ] 	at org.gradle.internal.operations.CurrentBuildOperationRef.wit
h(CurrentBuildOperationRef.java:85)
[        ] 	at org.gradle.execution.taskgraph.DefaultTaskExecutionGraph$Bu
ildOperationAwareExecutionAction.execute(DefaultTaskExecutionGraph.java:31
4)
[        ] 	at org.gradle.execution.taskgraph.DefaultTaskExecutionGraph$Bu
ildOperationAwareExecutionAction.execute(DefaultTaskExecutionGraph.java:30
3)
[        ] 	at org.gradle.execution.plan.DefaultPlanExecutor$ExecutorWorke
r.execute(DefaultPlanExecutor.java:459)
[        ] 	at org.gradle.execution.plan.DefaultPlanExecutor$ExecutorWorke
r.run(DefaultPlanExecutor.java:376)
[        ] 	at org.gradle.internal.concurrent.ExecutorPolicy$CatchAndRecor
dFailures.onExecute(ExecutorPolicy.java:64)
[        ] 	at org.gradle.internal.concurrent.AbstractManagedExecutor$1.ru
n(AbstractManagedExecutor.java:48)
[        ] 	at 
java.base/java.util.concurrent.ThreadPoolExecutor.runWorker(Unknown 
Source)
[        ] 	at 
java.base/java.util.concurrent.ThreadPoolExecutor$Worker.run(Unknown 
Source)
[ +421 ms] 	at java.base/java.lang.Thread.run(Unknown Source)
[        ] Caused by: java.lang.RuntimeException: An issue was found when 
checking AAR metadata:
[        ]   1.  Dependency ':flutter_local_notifications' requires core 
library desugaring to be enabled
[        ]       for :app.
[        ]       See 
https://developer.android.com/studio/write/java8-support.html for more
[        ]       details.
[        ] 	at com.android.build.gradle.internal.tasks.CheckAarMetadataWor
kAction.execute(CheckAarMetadataTask.kt:288)
[        ] 	at org.gradle.workers.internal.DefaultWorkerServer.execute(Def
aultWorkerServer.java:63)
[        ] 	at org.gradle.workers.internal.NoIsolationWorkerFactory$1$1.cr
eate(NoIsolationWorkerFactory.java:66)
[        ] 	at org.gradle.workers.internal.NoIsolationWorkerFactory$1$1.cr
eate(NoIsolationWorkerFactory.java:62)
[        ] 	at org.gradle.internal.classloader.ClassLoaderUtils.executeInC
lassloader(ClassLoaderUtils.java:100)
[        ] 	at org.gradle.workers.internal.NoIsolationWorkerFactory$1.lamb
da$execute$0(NoIsolationWorkerFactory.java:62)
[        ] 	at 
org.gradle.workers.internal.AbstractWorker$1.call(AbstractWorker.java:44)
[        ] 	at 
org.gradle.workers.internal.AbstractWorker$1.call(AbstractWorker.java:41)
[        ] 	at org.gradle.internal.operations.DefaultBuildOperationRunner$
CallableBuildOperationWorker.execute(DefaultBuildOperationRunner.java:210)
[        ] 	at org.gradle.internal.operations.DefaultBuildOperationRunner$
CallableBuildOperationWorker.execute(DefaultBuildOperationRunner.java:205)
[        ] 	at org.gradle.internal.operations.DefaultBuildOperationRunner$
2.execute(DefaultBuildOperationRunner.java:67)
[        ] 	at org.gradle.internal.operations.DefaultBuildOperationRunner$
2.execute(DefaultBuildOperationRunner.java:60)
[        ] 	at org.gradle.internal.operations.DefaultBuildOperationRunner.
execute(DefaultBuildOperationRunner.java:167)
[        ] 	at org.gradle.internal.operations.DefaultBuildOperationRunner.
execute(DefaultBuildOperationRunner.java:60)
[        ] 	at org.gradle.internal.operations.DefaultBuildOperationRunner.
call(DefaultBuildOperationRunner.java:54)
[        ] 	at org.gradle.workers.internal.AbstractWorker.executeWrappedIn
BuildOperation(AbstractWorker.java:41)
[        ] 	at org.gradle.workers.internal.NoIsolationWorkerFactory$1.exec
ute(NoIsolationWorkerFactory.java:59)
[        ] 	at org.gradle.workers.internal.DefaultWorkerExecutor.lambda$su
bmitWork$0(DefaultWorkerExecutor.java:174)
[        ] 	at java.base/java.util.concurrent.FutureTask.run(Unknown 
Source)
[        ] 	at org.gradle.internal.work.DefaultConditionalExecutionQueue$E
xecutionRunner.runExecution(DefaultConditionalExecutionQueue.java:194)
[        ] 	at org.gradle.internal.work.DefaultConditionalExecutionQueue$E
xecutionRunner.access$700(DefaultConditionalExecutionQueue.java:127)
[        ] 	at org.gradle.internal.work.DefaultConditionalExecutionQueue$E
xecutionRunner$1.run(DefaultConditionalExecutionQueue.java:169)
[   +2 ms] 	at org.gradle.internal.Factories$1.create(Factories.java:31)
[        ] 	at org.gradle.internal.work.DefaultWorkerLeaseService.withLock
s(DefaultWorkerLeaseService.java:263)
[        ] 	at org.gradle.internal.work.DefaultWorkerLeaseService.runAsWor
kerThread(DefaultWorkerLeaseService.java:127)
[        ] 	at org.gradle.internal.work.DefaultWorkerLeaseService.runAsWor
kerThread(DefaultWorkerLeaseService.java:132)
[        ] 	at org.gradle.internal.work.DefaultConditionalExecutionQueue$E
xecutionRunner.runBatch(DefaultConditionalExecutionQueue.java:164)
[        ] 	at org.gradle.internal.work.DefaultConditionalExecutionQueue$E
xecutionRunner.run(DefaultConditionalExecutionQueue.java:133)
[        ] 	at 
java.base/java.util.concurrent.Executors$RunnableAdapter.call(Unknown 
Source)
[        ] 	at java.base/java.util.concurrent.FutureTask.run(Unknown 
Source)
[        ] 	... 5 more
[        ] BUILD FAILED in 7s
[+7346 ms] Error: Gradle task assembleDebug failed with exit code 1
[   +2 ms] "flutter run" took 20.486ms.
[ +192 ms] 
           #0      throwToolExit 
(package:flutter_tools/src/base/common.dart:34:3)
           #1      RunCommand.runCommand 
(package:flutter_tools/src/commands/run.dart:897:9)
           <asynchronous suspension>
           #2      FlutterCommand.run.<anonymous closure> 
(package:flutter_tools/src/runner/flutter_command.dart:1559:27)
           <asynchronous suspension>
           #3      AppContext.run.<anonymous closure> 
(package:flutter_tools/src/base/context.dart:154:19)
           <asynchronous suspension>
           #4      CommandRunner.runCommand 
(package:args/command_runner.dart:212:13)
           <asynchronous suspension>
           #5      FlutterCommandRunner.runCommand.<anonymous closure> 
(package:flutter_tools/src/runner/flutter_command_runner.dart:487:9)
           <asynchronous suspension>
           #6      AppContext.run.<anonymous closure> 
(package:flutter_tools/src/base/context.dart:154:19)
           <asynchronous suspension>
           #7      FlutterCommandRunner.runCommand 
(package:flutter_tools/src/runner/flutter_command_runner.dart:422:5)
           <asynchronous suspension>
           #8      run.<anonymous closure>.<anonymous closure> 
(package:flutter_tools/runner.dart:104:11)
           <asynchronous suspension>
           #9      AppContext.run.<anonymous closure> 
(package:flutter_tools/src/base/context.dart:154:19)
           <asynchronous suspension>
           #10     main (package:flutter_tools/executable.dart:103:3)
           <asynchronous suspension>


[        ] Running 3 shutdown hooks
[  +40 ms] Shutdown hooks complete
[  +46 ms] exiting with code 1
